Archive member included to satisfy reference by file (symbol)

C:/MaximSDK/Libraries/PeriphDrivers/bin/MAX78000/softfp/libPeriphDriver_softfp.a(mxc_delay.o)
                              c:/MaximSDK/Examples/MAX78000/CNN/cats-dogs-gen/build/main.o (MXC_Delay)
C:/MaximSDK/Libraries/PeriphDrivers/bin/MAX78000/softfp/libPeriphDriver_softfp.a(nvic_table.o)
                              c:/MaximSDK/Examples/MAX78000/CNN/cats-dogs-gen/build/cnn.o (MXC_NVIC_SetVector)
C:/MaximSDK/Libraries/PeriphDrivers/bin/MAX78000/softfp/libPeriphDriver_softfp.a(pins_ai85.o)
                              c:/MaximSDK/Examples/MAX78000/CNN/cats-dogs-gen/build/camera.o (gpio_cfg_pcif_xclk)
C:/MaximSDK/Libraries/PeriphDrivers/bin/MAX78000/softfp/libPeriphDriver_softfp.a(sys_ai85.o)
                              c:/MaximSDK/Examples/MAX78000/CNN/cats-dogs-gen/build/cnn.o (MXC_SYS_ClockDisable)
C:/MaximSDK/Libraries/PeriphDrivers/bin/MAX78000/softfp/libPeriphDriver_softfp.a(aes_me17.o)
                              C:/MaximSDK/Libraries/PeriphDrivers/bin/MAX78000/softfp/libPeriphDriver_softfp.a(sys_ai85.o) (MXC_AES_Init)
C:/MaximSDK/Libraries/PeriphDrivers/bin/MAX78000/softfp/libPeriphDriver_softfp.a(aes_revb.o)
                              C:/MaximSDK/Libraries/PeriphDrivers/bin/MAX78000/softfp/libPeriphDriver_softfp.a(aes_me17.o) (MXC_AES_RevB_Init)
C:/MaximSDK/Libraries/PeriphDrivers/bin/MAX78000/softfp/libPeriphDriver_softfp.a(cameraif_ai85.o)
                              c:/MaximSDK/Examples/MAX78000/CNN/cats-dogs-gen/build/camera.o (MXC_PCIF_Init)
C:/MaximSDK/Libraries/PeriphDrivers/bin/MAX78000/softfp/libPeriphDriver_softfp.a(cameraif_reva.o)
                              C:/MaximSDK/Libraries/PeriphDrivers/bin/MAX78000/softfp/libPeriphDriver_softfp.a(cameraif_ai85.o) (MXC_PCIF_RevA_SetDatawidth)
C:/MaximSDK/Libraries/PeriphDrivers/bin/MAX78000/softfp/libPeriphDriver_softfp.a(dma_me17.o)
                              c:/MaximSDK/Examples/MAX78000/CNN/cats-dogs-gen/build/main.o (MXC_DMA_Init)
C:/MaximSDK/Libraries/PeriphDrivers/bin/MAX78000/softfp/libPeriphDriver_softfp.a(dma_reva.o)
                              C:/MaximSDK/Libraries/PeriphDrivers/bin/MAX78000/softfp/libPeriphDriver_softfp.a(dma_me17.o) (MXC_DMA_RevA_Init)
C:/MaximSDK/Libraries/PeriphDrivers/bin/MAX78000/softfp/libPeriphDriver_softfp.a(flc_me17.o)
                              C:/MaximSDK/Libraries/PeriphDrivers/bin/MAX78000/softfp/libPeriphDriver_softfp.a(sys_ai85.o) (MXC_FLC_UnlockInfoBlock)
C:/MaximSDK/Libraries/PeriphDrivers/bin/MAX78000/softfp/libPeriphDriver_softfp.a(flc_reva.o)
                              C:/MaximSDK/Libraries/PeriphDrivers/bin/MAX78000/softfp/libPeriphDriver_softfp.a(flc_me17.o) (MXC_FLC_RevA_Busy)
C:/MaximSDK/Libraries/PeriphDrivers/bin/MAX78000/softfp/libPeriphDriver_softfp.a(gpio_ai85.o)
                              c:/MaximSDK/Examples/MAX78000/CNN/cats-dogs-gen/build/cnn.o (MXC_GPIO_Config)
C:/MaximSDK/Libraries/PeriphDrivers/bin/MAX78000/softfp/libPeriphDriver_softfp.a(gpio_reva.o)
                              C:/MaximSDK/Libraries/PeriphDrivers/bin/MAX78000/softfp/libPeriphDriver_softfp.a(gpio_ai85.o) (MXC_GPIO_RevA_InGet)
C:/MaximSDK/Libraries/PeriphDrivers/bin/MAX78000/softfp/libPeriphDriver_softfp.a(i2c_me17.o)
                              c:/MaximSDK/Examples/MAX78000/CNN/cats-dogs-gen/build/max20303.o (MXC_I2C_Init)
C:/MaximSDK/Libraries/PeriphDrivers/bin/MAX78000/softfp/libPeriphDriver_softfp.a(i2c_reva.o)
                              C:/MaximSDK/Libraries/PeriphDrivers/bin/MAX78000/softfp/libPeriphDriver_softfp.a(i2c_me17.o) (MXC_I2C_RevA_DMACallback)
C:/MaximSDK/Libraries/PeriphDrivers/bin/MAX78000/softfp/libPeriphDriver_softfp.a(icc_me17.o)
                              c:/MaximSDK/Examples/MAX78000/CNN/cats-dogs-gen/build/main.o (MXC_ICC_Enable)
C:/MaximSDK/Libraries/PeriphDrivers/bin/MAX78000/softfp/libPeriphDriver_softfp.a(icc_reva.o)
                              C:/MaximSDK/Libraries/PeriphDrivers/bin/MAX78000/softfp/libPeriphDriver_softfp.a(icc_me17.o) (MXC_ICC_RevA_ID)
C:/MaximSDK/Libraries/PeriphDrivers/bin/MAX78000/softfp/libPeriphDriver_softfp.a(pt_ai85.o)
                              c:/MaximSDK/Examples/MAX78000/CNN/cats-dogs-gen/build/camera.o (MXC_PT_Init)
C:/MaximSDK/Libraries/PeriphDrivers/bin/MAX78000/softfp/libPeriphDriver_softfp.a(pt_reva.o)
                              C:/MaximSDK/Libraries/PeriphDrivers/bin/MAX78000/softfp/libPeriphDriver_softfp.a(pt_ai85.o) (MXC_PT_RevA_Init)
C:/MaximSDK/Libraries/PeriphDrivers/bin/MAX78000/softfp/libPeriphDriver_softfp.a(spi_me17.o)
                              c:/MaximSDK/Examples/MAX78000/CNN/cats-dogs-gen/build/tft_ili9341.o (MXC_SPI_Init)
C:/MaximSDK/Libraries/PeriphDrivers/bin/MAX78000/softfp/libPeriphDriver_softfp.a(spi_reva1.o)
                              C:/MaximSDK/Libraries/PeriphDrivers/bin/MAX78000/softfp/libPeriphDriver_softfp.a(spi_me17.o) (MXC_SPI_RevA1_Init)
[...]
Memory Configuration

Name             Origin             Length             Attributes
ROM              0x00000000         0x00010000         xr
FLASH            0x10000000         0x00080000         xr
SRAM             0x20000000         0x00020000         xrw
*default*        0x00000000         0xffffffff

Linker script and memory map

LOAD c:/maximsdk/tools/gnutools/10.3/bin/../lib/gcc/arm-none-eabi/10.3.1/thumb/v7e-m+fp/softfp/crti.o
LOAD c:/maximsdk/tools/gnutools/10.3/bin/../lib/gcc/arm-none-eabi/10.3.1/thumb/v7e-m+fp/softfp/crtbegin.o
LOAD c:/maximsdk/tools/gnutools/10.3/bin/../lib/gcc/arm-none-eabi/10.3.1/../../../../arm-none-eabi/lib/thumb/v7e-m+fp/softfp/crt0.o
LOAD c:/MaximSDK/Examples/MAX78000/CNN/cats-dogs-gen/build/cnn.o
LOAD c:/MaximSDK/Examples/MAX78000/CNN/cats-dogs-gen/build/main.o
LOAD c:/MaximSDK/Examples/MAX78000/CNN/cats-dogs-gen/build/softmax.o
LOAD c:/MaximSDK/Examples/MAX78000/CNN/cats-dogs-gen/build/board.o
LOAD c:/MaximSDK/Examples/MAX78000/CNN/cats-dogs-gen/build/stdio.o
LOAD c:/MaximSDK/Examples/MAX78000/CNN/cats-dogs-gen/build/led.o
LOAD c:/MaximSDK/Examples/MAX78000/CNN/cats-dogs-gen/build/pb.o
LOAD c:/MaximSDK/Examples/MAX78000/CNN/cats-dogs-gen/build/tft_ili9341.o
LOAD c:/MaximSDK/Examples/MAX78000/CNN/cats-dogs-gen/build/camera.o
LOAD c:/MaximSDK/Examples/MAX78000/CNN/cats-dogs-gen/build/ov7692.o
LOAD c:/MaximSDK/Examples/MAX78000/CNN/cats-dogs-gen/build/sccb.o
LOAD c:/MaximSDK/Examples/MAX78000/CNN/cats-dogs-gen/build/max20303.o
LOAD c:/MaximSDK/Examples/MAX78000/CNN/cats-dogs-gen/build/max9867.o
LOAD c:/MaximSDK/Examples/MAX78000/CNN/cats-dogs-gen/build/N01S830HA.o
LOAD c:/MaximSDK/Examples/MAX78000/CNN/cats-dogs-gen/build/fastspi.o
LOAD c:/MaximSDK/Examples/MAX78000/CNN/cats-dogs-gen/build/startup_max78000.o
LOAD c:/MaximSDK/Examples/MAX78000/CNN/cats-dogs-gen/build/heap.o
LOAD c:/MaximSDK/Examples/MAX78000/CNN/cats-dogs-gen/build/system_max78000.o
START GROUP
LOAD C:/MaximSDK/Libraries/PeriphDrivers/bin/MAX78000/softfp/libPeriphDriver_softfp.a
LOAD c:/maximsdk/tools/gnutools/10.3/bin/../lib/gcc/arm-none-eabi/10.3.1/../../../../arm-none-eabi/lib/thumb/v7e-m+fp/softfp\libc.a
LOAD c:/maximsdk/tools/gnutools/10.3/bin/../lib/gcc/arm-none-eabi/10.3.1/../../../../arm-none-eabi/lib/thumb/v7e-m+fp/softfp\libm.a
LOAD c:/maximsdk/tools/gnutools/10.3/bin/../lib/gcc/arm-none-eabi/10.3.1/../../../../arm-none-eabi/lib/thumb/v7e-m+fp/softfp\libnosys.a
END GROUP
START GROUP
LOAD c:/maximsdk/tools/gnutools/10.3/bin/../lib/gcc/arm-none-eabi/10.3.1/thumb/v7e-m+fp/softfp\libgcc.a
LOAD c:/maximsdk/tools/gnutools/10.3/bin/../lib/gcc/arm-none-eabi/10.3.1/../../../../arm-none-eabi/lib/thumb/v7e-m+fp/softfp\libc.a
END GROUP
LOAD c:/maximsdk/tools/gnutools/10.3/bin/../lib/gcc/arm-none-eabi/10.3.1/thumb/v7e-m+fp/softfp/crtend.o
LOAD c:/maximsdk/tools/gnutools/10.3/bin/../lib/gcc/arm-none-eabi/10.3.1/thumb/v7e-m+fp/softfp/crtn.o

.rom
 *(.rom_vector)
 *(.rom_handlers*)

.text           0x10000000    0x1cefc
                0x10000000                _text = .
 *(.isr_vector)
 .isr_vector    0x10000000      0x1e0 c:/MaximSDK/Examples/MAX78000/CNN/cats-dogs-gen/build/startup_max78000.o
                0x10000000                __isr_vector
 EXCLUDE_FILE(*riscv.o) *(.text*)
 .text          0x100001e0       0x40 c:/maximsdk/tools/gnutools/10.3/bin/../lib/gcc/arm-none-eabi/10.3.1/thumb/v7e-m+fp/softfp/crtbegin.o
 .text.CNN_ISR  0x10000220       0x50 c:/MaximSDK/Examples/MAX78000/CNN/cats-dogs-gen/build/cnn.o
                0x10000220                CNN_ISR
 .text.cnn_load_weights
                0x10000270       0x4c c:/MaximSDK/Examples/MAX78000/CNN/cats-dogs-gen/build/cnn.o
                0x10000270                cnn_load_weights
 .text.cnn_load_bias
                0x100002bc       0x14 c:/MaximSDK/Examples/MAX78000/CNN/cats-dogs-gen/build/cnn.o
                0x100002bc                cnn_load_bias
 .text.cnn_init
                0x100002d0       0x54 c:/MaximSDK/Examples/MAX78000/CNN/cats-dogs-gen/build/cnn.o
                0x100002d0                cnn_init
 .text.cnn_configure
                0x10000324      0x7e4 c:/MaximSDK/Examples/MAX78000/CNN/cats-dogs-gen/build/cnn.o
                0x10000324                cnn_configure
 .text.cnn_start
                0x10000b08       0x50 c:/MaximSDK/Examples/MAX78000/CNN/cats-dogs-gen/build/cnn.o
                0x10000b08                cnn_start
 .text.cnn_unload
                0x10000b58       0x14 c:/MaximSDK/Examples/MAX78000/CNN/cats-dogs-gen/build/cnn.o
                0x10000b58                cnn_unload
 .text.cnn_enable
                0x10000b6c       0x3c c:/MaximSDK/Examples/MAX78000/CNN/cats-dogs-gen/build/cnn.o
                0x10000b6c                cnn_enable
 .text.asciiart
                0x10000ba8       0xbc c:/MaximSDK/Examples/MAX78000/CNN/cats-dogs-gen/build/main.o
                0x10000ba8                asciiart
 .text.capture_process_camera
                0x10000c64       0xe4 c:/MaximSDK/Examples/MAX78000/CNN/cats-dogs-gen/build/main.o
                0x10000c64                capture_process_camera
 .text.startup.main
                0x10000d48      0x20c c:/MaximSDK/Examples/MAX78000/CNN/cats-dogs-gen/build/main.o
                0x10000d48                main
 .text.softmax_q17p14_q15
                0x10000f54       0xa8 c:/MaximSDK/Examples/MAX78000/CNN/cats-dogs-gen/build/softmax.o
                0x10000f54                softmax_q17p14_q15
 .text.mxc_assert
                0x10000ffc       0x10 c:/MaximSDK/Examples/MAX78000/CNN/cats-dogs-gen/build/board.o
                0x10000ffc                mxc_assert
 .text.GPIO0_IRQHandler
                0x1000100c        0x8 c:/MaximSDK/Examples/MAX78000/CNN/cats-dogs-gen/build/board.o
                0x1000100c                GPIO0_IRQHandler
 .text.GPIO1_IRQHandler
                0x10001014        0x8 c:/MaximSDK/Examples/MAX78000/CNN/cats-dogs-gen/build/board.o
                0x10001014                GPIO1_IRQHandler
 .text.Board_Init
                0x1000101c       0x6c c:/MaximSDK/Examples/MAX78000/CNN/cats-dogs-gen/build/board.o
                0x1000101c                Board_Init
 .text.NMI_Handler
                0x10001088        0x4 c:/MaximSDK/Examples/MAX78000/CNN/cats-dogs-gen/build/board.o
                0x10001088                NMI_Handler
 .text.Camera_Power
                0x1000108c       0x1c c:/MaximSDK/Examples/MAX78000/CNN/cats-dogs-gen/build/board.o
                0x1000108c                Camera_Power
 .text._close   0x100010a8        0x8 c:/MaximSDK/Examples/MAX78000/CNN/cats-dogs-gen/build/stdio.o
                0x100010a8                _close
 .text._isatty  0x100010b0        0x8 c:/MaximSDK/Examples/MAX78000/CNN/cats-dogs-gen/build/stdio.o
                0x100010b0                _isatty
 .text._lseek   0x100010b8        0x8 c:/MaximSDK/Examples/MAX78000/CNN/cats-dogs-gen/build/stdio.o
                0x100010b8                _lseek
 .text._fstat   0x100010c0        0x8 c:/MaximSDK/Examples/MAX78000/CNN/cats-dogs-gen/build/stdio.o
                0x100010c0                _fstat
 .text._read    0x100010c8       0x50 c:/MaximSDK/Examples/MAX78000/CNN/cats-dogs-gen/build/stdio.o
                0x100010c8                _read
 .text._write   0x10001118       0x54 c:/MaximSDK/Examples/MAX78000/CNN/cats-dogs-gen/build/stdio.o
                0x10001118                _write
 .text.LED_Init
                0x1000116c       0x40 c:/MaximSDK/Examples/MAX78000/CNN/cats-dogs-gen/build/led.o
                0x1000116c                LED_Init
 .text.LED_On   0x100011ac       0x40 c:/MaximSDK/Examples/MAX78000/CNN/cats-dogs-gen/build/led.o
                0x100011ac                LED_On
 .text.LED_Off  0x100011ec       0x40 c:/MaximSDK/Examples/MAX78000/CNN/cats-dogs-gen/build/led.o
                0x100011ec                LED_Off
 .text.PB_Init  0x1000122c       0x38 c:/MaximSDK/Examples/MAX78000/CNN/cats-dogs-gen/build/pb.o
                0x1000122c                PB_Init
 .text.PB_Get   0x10001264       0x44 c:/MaximSDK/Examples/MAX78000/CNN/cats-dogs-gen/build/pb.o
                0x10001264                PB_Get
 .text.camera_irq_handler
                0x100012a8      0x13c c:/MaximSDK/Examples/MAX78000/CNN/cats-dogs-gen/build/camera.o
                0x100012a8                camera_irq_handler
 .text.stream_callback
                0x100013e4       0xbc c:/MaximSDK/Examples/MAX78000/CNN/cats-dogs-gen/build/camera.o
 .text.setup_dma
                0x100014a0       0x94 c:/MaximSDK/Examples/MAX78000/CNN/cats-dogs-gen/build/camera.o
 .text.stream_irq_handler
                0x10001534        0x4 c:/MaximSDK/Examples/MAX78000/CNN/cats-dogs-gen/build/camera.o
                0x10001534                stream_irq_handler
 .text.camera_init
                0x10001538      0x12c c:/MaximSDK/Examples/MAX78000/CNN/cats-dogs-gen/build/camera.o
                0x10001538                camera_init
 .text.camera_setup
                0x10001664      0x1d8 c:/MaximSDK/Examples/MAX78000/CNN/cats-dogs-gen/build/camera.o
                0x10001664                camera_setup
 .text.camera_write_reg
                0x1000183c        0xc c:/MaximSDK/Examples/MAX78000/CNN/cats-dogs-gen/build/camera.o
                0x1000183c                camera_write_reg
 .text.camera_start_capture_image
                0x10001848       0x3c c:/MaximSDK/Examples/MAX78000/CNN/cats-dogs-gen/build/camera.o
                0x10001848                camera_start_capture_image
 .text.camera_is_image_rcv
                0x10001884       0x10 c:/MaximSDK/Examples/MAX78000/CNN/cats-dogs-gen/build/camera.o
                0x10001884                camera_is_image_rcv
 .text.camera_get_image
                0x10001894       0x3c c:/MaximSDK/Examples/MAX78000/CNN/cats-dogs-gen/build/camera.o
                0x10001894                camera_get_image
 .text.get_camera_stream_buffer
                0x100018d0        0xc c:/MaximSDK/Examples/MAX78000/CNN/cats-dogs-gen/build/camera.o
                0x100018d0                get_camera_stream_buffer
 .text.release_camera_stream_buffer
                0x100018dc        0xc c:/MaximSDK/Examples/MAX78000/CNN/cats-dogs-gen/build/camera.o
                0x100018dc                release_camera_stream_buffer
 .text.get_camera_stream_statistic
                0x100018e8        0x8 c:/MaximSDK/Examples/MAX78000/CNN/cats-dogs-gen/build/camera.o
                0x100018e8                get_camera_stream_statistic
 .text.init     0x100018f0       0x10 c:/MaximSDK/Examples/MAX78000/CNN/cats-dogs-gen/build/ov7692.o
 .text.get_slave_address
                0x10001900        0xc c:/MaximSDK/Examples/MAX78000/CNN/cats-dogs-gen/build/ov7692.o
 .text.get_pixformat
                0x1000190c       0x10 c:/MaximSDK/Examples/MAX78000/CNN/cats-dogs-gen/build/ov7692.o
 .text.set_saturation
                0x1000191c        0x4 c:/MaximSDK/Examples/MAX78000/CNN/cats-dogs-gen/build/ov7692.o
 .text.get_luminance
                0x10001920       0x60 c:/MaximSDK/Examples/MAX78000/CNN/cats-dogs-gen/build/ov7692.o
 .text.read_reg
                0x10001980       0x20 c:/MaximSDK/Examples/MAX78000/CNN/cats-dogs-gen/build/ov7692.o
 .text.get_manufacture_id
                0x100019a0       0x3c c:/MaximSDK/Examples/MAX78000/CNN/cats-dogs-gen/build/ov7692.o
 .text.get_product_id
                0x100019dc       0x3c c:/MaximSDK/Examples/MAX78000/CNN/cats-dogs-gen/build/ov7692.o
 .text.set_negateimage
                0x10001a18       0x90 c:/MaximSDK/Examples/MAX78000/CNN/cats-dogs-gen/build/ov7692.o
 .text.set_vflip
                0x10001aa8       0x3c c:/MaximSDK/Examples/MAX78000/CNN/cats-dogs-gen/build/ov7692.o
 .text.set_hmirror
                0x10001ae4       0x3c c:/MaximSDK/Examples/MAX78000/CNN/cats-dogs-gen/build/ov7692.o
 .text.set_colorbar
                0x10001b20       0x3c c:/MaximSDK/Examples/MAX78000/CNN/cats-dogs-gen/build/ov7692.o
 .text.set_gainceiling
                0x10001b5c       0xa0 c:/MaximSDK/Examples/MAX78000/CNN/cats-dogs-gen/build/ov7692.o
 .text.set_brightness
                0x10001bfc       0xa8 c:/MaximSDK/Examples/MAX78000/CNN/cats-dogs-gen/build/ov7692.o
 .text.set_contrast
                0x10001ca4       0xa0 c:/MaximSDK/Examples/MAX78000/CNN/cats-dogs-gen/build/ov7692.o
 .text.set_windowing
                0x10001d44      0x120 c:/MaximSDK/Examples/MAX78000/CNN/cats-dogs-gen/build/ov7692.o
 .text.set_framesize
                0x10001e64       0xcc c:/MaximSDK/Examples/MAX78000/CNN/cats-dogs-gen/build/ov7692.o
 .text.set_pixformat
                0x10001f30       0x54 c:/MaximSDK/Examples/MAX78000/CNN/cats-dogs-gen/build/ov7692.o
 .text.write_reg
                0x10001f84       0x18 c:/MaximSDK/Examples/MAX78000/CNN/cats-dogs-gen/build/ov7692.o
 .text.sleep    0x10001f9c       0x3c c:/MaximSDK/Examples/MAX78000/CNN/cats-dogs-gen/build/ov7692.o
 .text.reset    0x10001fd8       0x64 c:/MaximSDK/Examples/MAX78000/CNN/cats-dogs-gen/build/ov7692.o
 .text.dump_registers
                0x1000203c       0xa8 c:/MaximSDK/Examples/MAX78000/CNN/cats-dogs-gen/build/ov7692.o
 .text.sensor_register
                0x100020e4       0xbc c:/MaximSDK/Examples/MAX78000/CNN/cats-dogs-gen/build/ov7692.o
                0x100020e4                sensor_register
 .text.send_byte
                0x100021a0       0x68 c:/MaximSDK/Examples/MAX78000/CNN/cats-dogs-gen/build/sccb.o
 .text.get_byte
                0x10002208       0x50 c:/MaximSDK/Examples/MAX78000/CNN/cats-dogs-gen/build/sccb.o
 .text.sccb_init
                0x10002258       0x30 c:/MaximSDK/Examples/MAX78000/CNN/cats-dogs-gen/build/sccb.o
                0x10002258                sccb_init
 .text.sccb_read_byt
                0x10002288      0x11c c:/MaximSDK/Examples/MAX78000/CNN/cats-dogs-gen/build/sccb.o
                0x10002288                sccb_read_byt
 .text.sccb_write_byt
                0x100023a4       0xa4 c:/MaximSDK/Examples/MAX78000/CNN/cats-dogs-gen/build/sccb.o
                0x100023a4                sccb_write_byt
 .text.reg_read
                0x10002448       0x78 c:/MaximSDK/Examples/MAX78000/CNN/cats-dogs-gen/build/max20303.o
 .text.reg_write
                0x100024c0       0x60 c:/MaximSDK/Examples/MAX78000/CNN/cats-dogs-gen/build/max20303.o
 .text.reg_write_buf.constprop.0
                0x10002520       0x70 c:/MaximSDK/Examples/MAX78000/CNN/cats-dogs-gen/build/max20303.o
 .text.max20303_camera_power
                0x10002590       0x68 c:/MaximSDK/Examples/MAX78000/CNN/cats-dogs-gen/build/max20303.o
                0x10002590                max20303_camera_power
 .text.max20303_init
                0x100025f8       0x68 c:/MaximSDK/Examples/MAX78000/CNN/cats-dogs-gen/build/max20303.o
                0x100025f8                max20303_init
 .text          0x10002660      0x148 c:/MaximSDK/Examples/MAX78000/CNN/cats-dogs-gen/build/startup_max78000.o
                0x10002660                Reset_Handler
                0x1000269e                HardFault_Handler
                0x100026a0                MemManage_Handler
                0x100026a2                BusFault_Handler
                0x100026a4                UsageFault_Handler
                0x100026a6                SVC_Handler
                0x100026a8                DebugMon_Handler
                0x100026aa                PendSV_Handler
                0x100026ac                SysTick_Handler
                0x100026ae                Default_Handler
                0x100026b0                PF_IRQHandler
                0x100026b2                WDT0_IRQHandler
                0x100026b4                RSV02_IRQHandler
                0x100026b6                RTC_IRQHandler
                0x100026b8                TRNG_IRQHandler
                0x100026ba                TMR0_IRQHandler
                0x100026bc                TMR1_IRQHandler
                0x100026be                TMR2_IRQHandler
                0x100026c0                TMR3_IRQHandler
                0x100026c2                TMR4_IRQHandler
                0x100026c4                TMR5_IRQHandler
                0x100026c6                RSV11_IRQHandler
                0x100026c8                RSV12_IRQHandler
                0x100026ca                I2C0_IRQHandler
                0x100026cc                UART0_IRQHandler
                0x100026ce                UART1_IRQHandler
                0x100026d0                SPI1_IRQHandler
                0x100026d2                RSV17_IRQHandler
                0x100026d4                RSV18_IRQHandler
                0x100026d6                RSV19_IRQHandler
                0x100026d8                ADC_IRQHandler
                0x100026da                RSV21_IRQHandler
                0x100026dc                RSV22_IRQHandler
                0x100026de                FLC0_IRQHandler
                0x100026e4                GPIO2_IRQHandler
                0x100026e6                RSV27_IRQHandler
                0x100026e8                DMA0_IRQHandler
                0x100026ea                DMA1_IRQHandler
                0x100026ec                DMA2_IRQHandler
                0x100026ee                DMA3_IRQHandler
                0x100026f0                RSV32_IRQHandler
                0x100026f2                RSV33_IRQHandler
                0x100026f4                UART2_IRQHandler
                0x100026f6                RSV35_IRQHandler
                0x100026f8                I2C1_IRQHandler
                0x100026fa                RSV37_IRQHandler
                0x100026fc                RSV38_IRQHandler
                0x100026fe                RSV39_IRQHandler
                0x10002700                RSV40_IRQHandler
                0x10002702                RSV41_IRQHandler
                0x10002704                RSV42_IRQHandler
                0x10002706                RSV43_IRQHandler
                0x10002708                RSV44_IRQHandler
                0x1000270a                RSV45_IRQHandler
                0x1000270c                RSV46_IRQHandler
                0x1000270e                RSV47_IRQHandler
                0x10002710                RSV48_IRQHandler
                0x10002712                RSV49_IRQHandler
                0x10002714                RSV50_IRQHandler
                0x10002716                RSV51_IRQHandler
                0x10002718                RSV52_IRQHandler
                0x1000271a                WUT_IRQHandler
                0x1000271c                GPIOWAKE_IRQHandler
                0x1000271e                RSV55_IRQHandler
                0x10002720                SPI0_IRQHandler
                0x10002722                WDT1_IRQHandler
                0x10002724                RSV58_IRQHandler
                0x10002726                PT_IRQHandler
                0x10002728                RSV60_IRQHandler
                0x1000272a                RSV61_IRQHandler
                0x1000272c                I2C2_IRQHandler
                0x1000272e                RISCV_IRQHandler
                0x10002730                RSV64_IRQHandler
                0x10002732                RSV65_IRQHandler
                0x10002734                RSV66_IRQHandler
                0x10002736                OWM_IRQHandler
                0x10002738                RSV68_IRQHandler
                0x1000273a                RSV69_IRQHandler
                0x1000273c                RSV70_IRQHandler
                0x1000273e                RSV71_IRQHandler
                0x10002740                RSV72_IRQHandler
                0x10002742                RSV73_IRQHandler
                0x10002744                RSV74_IRQHandler
                0x10002746                RSV75_IRQHandler
                0x10002748                RSV76_IRQHandler
                0x1000274a                RSV77_IRQHandler
                0x1000274c                RSV78_IRQHandler
                0x1000274e                RSV79_IRQHandler
                0x10002750                RSV80_IRQHandler
                0x10002752                RSV81_IRQHandler
                0x10002754                ECC_IRQHandler
                0x10002756                DVS_IRQHandler
                0x10002758                SIMO_IRQHandler
                0x1000275a                RSV85_IRQHandler
                0x1000275c                RSV86_IRQHandler
                0x1000275e                RSV87_IRQHandler
                0x10002760                UART3_IRQHandler
                0x10002762                RSV89_IRQHandler
                0x10002764                RSV90_IRQHandler
                0x10002766                PCIF_IRQHandler
                0x10002768                RSV92_IRQHandler
                0x1000276a                RSV93_IRQHandler
                0x1000276c                RSV94_IRQHandler
                0x1000276e                RSV95_IRQHandler
                0x10002770                RSV96_IRQHandler
                0x10002772                AES_IRQHandler
                0x10002774                RSV98_IRQHandler
                0x10002776                I2S_IRQHandler
                0x10002778                CNN_FIFO_IRQHandler
                0x1000277a                CNN_IRQHandler
                0x1000277c                RSV102_IRQHandler
                0x1000277e                LPCMP_IRQHandler
 .text._sbrk    0x100027a8       0x3c c:/MaximSDK/Examples/MAX78000/CNN/cats-dogs-gen/build/heap.o
                0x100027a8                _sbrk
 .text._getpid  0x100027e4        0x8 c:/MaximSDK/Examples/MAX78000/CNN/cats-dogs-gen/build/system_max78000.o
                0x100027e4                _getpid
 .text._kill    0x100027ec        0x8 c:/MaximSDK/Examples/MAX78000/CNN/cats-dogs-gen/build/system_max78000.o
                0x100027ec                _kill
 .text.SystemCoreClockUpdate
                0x100027f4       0x68 c:/MaximSDK/Examples/MAX78000/CNN/cats-dogs-gen/build/system_max78000.o
                0x100027f4                SystemCoreClockUpdate
 .text.PreInit  0x1000285c        0x4 c:/MaximSDK/Examples/MAX78000/CNN/cats-dogs-gen/build/system_max78000.o
                0x1000285c                PreInit
 .text.SystemInit
                0x10002860       0x38 c:/MaximSDK/Examples/MAX78000/CNN/cats-dogs-gen/build/system_max78000.o
                0x10002860                SystemInit
 .text.MXC_DelayInit
                0x10002898       0x7c C:/MaximSDK/Libraries/PeriphDrivers/bin/MAX78000/softfp/libPeriphDriver_softfp.a(mxc_delay.o)
 .text.MXC_DelayAsync
                0x10002914       0x3c C:/MaximSDK/Libraries/PeriphDrivers/bin/MAX78000/softfp/libPeriphDriver_softfp.a(mxc_delay.o)
                0x10002914                MXC_DelayAsync
 .text.MXC_DelayCheck
                0x10002950       0x70 C:/MaximSDK/Libraries/PeriphDrivers/bin/MAX78000/softfp/libPeriphDriver_softfp.a(mxc_delay.o)
                0x10002950                MXC_DelayCheck
 .text.MXC_DelayAbort
                0x100029c0       0x34 C:/MaximSDK/Libraries/PeriphDrivers/bin/MAX78000/softfp/libPeriphDriver_softfp.a(mxc_delay.o)
                0x100029c0                MXC_DelayAbort
 .text.MXC_Delay
                0x100029f4       0x74 C:/MaximSDK/Libraries/PeriphDrivers/bin/MAX78000/softfp/libPeriphDriver_softfp.a(mxc_delay.o)
                0x100029f4                MXC_Delay
 .text.MXC_NVIC_SetVector
                0x10002a68       0x50 C:/MaximSDK/Libraries/PeriphDrivers/bin/MAX78000/softfp/libPeriphDriver_softfp.a(nvic_table.o)
                0x10002a68                MXC_NVIC_SetVector
 .text.MXC_SYS_IsClockEnabled
                0x10002ab8       0x44 C:/MaximSDK/Libraries/PeriphDrivers/bin/MAX78000/softfp/libPeriphDriver_softfp.a(sys_ai85.o)
                0x10002ab8                MXC_SYS_IsClockEnabled
 .text.MXC_SYS_ClockDisable
                0x10002afc       0x44 C:/MaximSDK/Libraries/PeriphDrivers/bin/MAX78000/softfp/libPeriphDriver_softfp.a(sys_ai85.o)
                0x10002afc                MXC_SYS_ClockDisable
 .text.MXC_SYS_ClockEnable
                0x10002b40       0x4c C:/MaximSDK/Libraries/PeriphDrivers/bin/MAX78000/softfp/libPeriphDriver_softfp.a(sys_ai85.o)
                0x10002b40                MXC_SYS_ClockEnable
 .text.MXC_SYS_ClockSourceEnable
                0x10002b8c       0xf4 C:/MaximSDK/Libraries/PeriphDrivers/bin/MAX78000/softfp/libPeriphDriver_softfp.a(sys_ai85.o)
                0x10002b8c                MXC_SYS_ClockSourceEnable
 .text.MXC_SYS_Clock_Select
                0x10002c80      0x194 C:/MaximSDK/Libraries/PeriphDrivers/bin/MAX78000/softfp/libPeriphDriver_softfp.a(sys_ai85.o)
                0x10002c80                MXC_SYS_Clock_Select
 .text.MXC_SYS_Reset_Periph
                0x10002e14       0x50 C:/MaximSDK/Libraries/PeriphDrivers/bin/MAX78000/softfp/libPeriphDriver_softfp.a(sys_ai85.o)
                0x10002e14                MXC_SYS_Reset_Periph
 .text.MXC_PCIF_Init
                0x10002e64       0x6c C:/MaximSDK/Libraries/PeriphDrivers/bin/MAX78000/softfp/libPeriphDriver_softfp.a(cameraif_ai85.o)
                0x10002e64                MXC_PCIF_Init
 .text.MXC_PCIF_SetDataWidth
                0x10002ed0        0xc C:/MaximSDK/Libraries/PeriphDrivers/bin/MAX78000/softfp/libPeriphDriver_softfp.a(cameraif_ai85.o)
                0x10002ed0                MXC_PCIF_SetDataWidth
 .text.MXC_PCIF_SetTimingSel
                0x10002edc        0xc C:/MaximSDK/Libraries/PeriphDrivers/bin/MAX78000/softfp/libPeriphDriver_softfp.a(cameraif_ai85.o)
                0x10002edc                MXC_PCIF_SetTimingSel
 .text.MXC_PCIF_SetThreshold
                0x10002ee8        0xc C:/MaximSDK/Libraries/PeriphDrivers/bin/MAX78000/softfp/libPeriphDriver_softfp.a(cameraif_ai85.o)
                0x10002ee8                MXC_PCIF_SetThreshold
 .text.MXC_PCIF_EnableInt
                0x10002ef4        0xc C:/MaximSDK/Libraries/PeriphDrivers/bin/MAX78000/softfp/libPeriphDriver_softfp.a(cameraif_ai85.o)
                0x10002ef4                MXC_PCIF_EnableInt
 .text.MXC_PCIF_DisableInt
                0x10002f00        0xc C:/MaximSDK/Libraries/PeriphDrivers/bin/MAX78000/softfp/libPeriphDriver_softfp.a(cameraif_ai85.o)
                0x10002f00                MXC_PCIF_DisableInt
 .text.MXC_PCIF_Start
                0x10002f0c        0xc C:/MaximSDK/Libraries/PeriphDrivers/bin/MAX78000/softfp/libPeriphDriver_softfp.a(cameraif_ai85.o)
                0x10002f0c                MXC_PCIF_Start
 .text.MXC_PCIF_RevA_SetDatawidth
                0x10002f18       0x14 C:/MaximSDK/Libraries/PeriphDrivers/bin/MAX78000/softfp/libPeriphDriver_softfp.a(cameraif_reva.o)
                0x10002f18                MXC_PCIF_RevA_SetDatawidth
 .text.MXC_PCIF_RevA_SetTimingSel
                0x10002f2c       0x14 C:/MaximSDK/Libraries/PeriphDrivers/bin/MAX78000/softfp/libPeriphDriver_softfp.a(cameraif_reva.o)
                0x10002f2c                MXC_PCIF_RevA_SetTimingSel
 .text.MXC_PCIF_RevA_SetThreshold
                0x10002f40       0x18 C:/MaximSDK/Libraries/PeriphDrivers/bin/MAX78000/softfp/libPeriphDriver_softfp.a(cameraif_reva.o)
                0x10002f40                MXC_PCIF_RevA_SetThreshold
 .text.MXC_PCIF_RevA_EnableInt
                0x10002f58        0xc C:/MaximSDK/Libraries/PeriphDrivers/bin/MAX78000/softfp/libPeriphDriver_softfp.a(cameraif_reva.o)
                0x10002f58                MXC_PCIF_RevA_EnableInt
 .text.MXC_PCIF_RevA_DisableInt
                0x10002f64       0x10 C:/MaximSDK/Libraries/PeriphDrivers/bin/MAX78000/softfp/libPeriphDriver_softfp.a(cameraif_reva.o)
                0x10002f64                MXC_PCIF_RevA_DisableInt
 .text.MXC_PCIF_RevA_Start
                0x10002f74       0x14 C:/MaximSDK/Libraries/PeriphDrivers/bin/MAX78000/softfp/libPeriphDriver_softfp.a(cameraif_reva.o)
                0x10002f74                MXC_PCIF_RevA_Start
 .text.MXC_DMA_Init
                0x10002f88       0x30 C:/MaximSDK/Libraries/PeriphDrivers/bin/MAX78000/softfp/libPeriphDriver_softfp.a(dma_me17.o)
                0x10002f88                MXC_DMA_Init
 .text.MXC_DMA_DeInit
                0x10002fb8        0xc C:/MaximSDK/Libraries/PeriphDrivers/bin/MAX78000/softfp/libPeriphDriver_softfp.a(dma_me17.o)
                0x10002fb8                MXC_DMA_DeInit
 .text.MXC_DMA_AcquireChannel
                0x10002fc4        0xc C:/MaximSDK/Libraries/PeriphDrivers/bin/MAX78000/softfp/libPeriphDriver_softfp.a(dma_me17.o)
                0x10002fc4                MXC_DMA_AcquireChannel
 .text.MXC_DMA_ReleaseChannel
                0x10002fd0        0x4 C:/MaximSDK/Libraries/PeriphDrivers/bin/MAX78000/softfp/libPeriphDriver_softfp.a(dma_me17.o)
                0x10002fd0                MXC_DMA_ReleaseChannel
 .text.MXC_DMA_SetCallback
                0x10002fd4        0x4 C:/MaximSDK/Libraries/PeriphDrivers/bin/MAX78000/softfp/libPeriphDriver_softfp.a(dma_me17.o)
                0x10002fd4                MXC_DMA_SetCallback
 .text.MXC_DMA_ChannelClearFlags
                0x10002fd8        0x4 C:/MaximSDK/Libraries/PeriphDrivers/bin/MAX78000/softfp/libPeriphDriver_softfp.a(dma_me17.o)
                0x10002fd8                MXC_DMA_ChannelClearFlags
 .text.MXC_DMA_Handler
                0x10002fdc        0xc C:/MaximSDK/Libraries/PeriphDrivers/bin/MAX78000/softfp/libPeriphDriver_softfp.a(dma_me17.o)
                0x10002fdc                MXC_DMA_Handler
 .text.MXC_DMA_RevA_Init
                0x10002fe8       0xac C:/MaximSDK/Libraries/PeriphDrivers/bin/MAX78000/softfp/libPeriphDriver_softfp.a(dma_reva.o)
                0x10002fe8                MXC_DMA_RevA_Init
 .text.MXC_DMA_RevA_DeInit
                0x10003094       0x3c C:/MaximSDK/Libraries/PeriphDrivers/bin/MAX78000/softfp/libPeriphDriver_softfp.a(dma_reva.o)
                0x10003094                MXC_DMA_RevA_DeInit
 .text.MXC_DMA_RevA_AcquireChannel
                0x100030d0       0x88 C:/MaximSDK/Libraries/PeriphDrivers/bin/MAX78000/softfp/libPeriphDriver_softfp.a(dma_reva.o)
                0x100030d0                MXC_DMA_RevA_AcquireChannel
 .text.MXC_DMA_RevA_ReleaseChannel
                0x10003158       0x48 C:/MaximSDK/Libraries/PeriphDrivers/bin/MAX78000/softfp/libPeriphDriver_softfp.a(dma_reva.o)
                0x10003158                MXC_DMA_RevA_ReleaseChannel
 .text.MXC_DMA_RevA_SetCallback
                0x100031a0       0x24 C:/MaximSDK/Libraries/PeriphDrivers/bin/MAX78000/softfp/libPeriphDriver_softfp.a(dma_reva.o)
                0x100031a0                MXC_DMA_RevA_SetCallback
 .text.MXC_DMA_RevA_ChannelClearFlags
                0x100031c4       0x2c C:/MaximSDK/Libraries/PeriphDrivers/bin/MAX78000/softfp/libPeriphDriver_softfp.a(dma_reva.o)
                0x100031c4                MXC_DMA_RevA_ChannelClearFlags
 .text.MXC_DMA_RevA_Handler
                0x100031f0       0x84 C:/MaximSDK/Libraries/PeriphDrivers/bin/MAX78000/softfp/libPeriphDriver_softfp.a(dma_reva.o)
                0x100031f0                MXC_DMA_RevA_Handler
 .text.MXC_GPIO_Init
                0x10003274       0x40 C:/MaximSDK/Libraries/PeriphDrivers/bin/MAX78000/softfp/libPeriphDriver_softfp.a(gpio_ai85.o)
                0x10003274                MXC_GPIO_Init
 .text.MXC_GPIO_Config
                0x100032b4      0x218 C:/MaximSDK/Libraries/PeriphDrivers/bin/MAX78000/softfp/libPeriphDriver_softfp.a(gpio_ai85.o)
                0x100032b4                MXC_GPIO_Config
 .text.MXC_GPIO_InGet
                0x100034cc       0x34 C:/MaximSDK/Libraries/PeriphDrivers/bin/MAX78000/softfp/libPeriphDriver_softfp.a(gpio_ai85.o)
                0x100034cc                MXC_GPIO_InGet
 .text.MXC_GPIO_OutSet
                0x10003500       0x30 C:/MaximSDK/Libraries/PeriphDrivers/bin/MAX78000/softfp/libPeriphDriver_softfp.a(gpio_ai85.o)
                0x10003500                MXC_GPIO_OutSet
 .text.MXC_GPIO_OutClr
                0x10003530       0x34 C:/MaximSDK/Libraries/PeriphDrivers/bin/MAX78000/softfp/libPeriphDriver_softfp.a(gpio_ai85.o)
                0x10003530                MXC_GPIO_OutClr
 .text.MXC_GPIO_Handler
                0x10003564        0x4 C:/MaximSDK/Libraries/PeriphDrivers/bin/MAX78000/softfp/libPeriphDriver_softfp.a(gpio_ai85.o)
                0x10003564                MXC_GPIO_Handler
 .text.MXC_GPIO_ClearFlags
                0x10003568       0x18 C:/MaximSDK/Libraries/PeriphDrivers/bin/MAX78000/softfp/libPeriphDriver_softfp.a(gpio_ai85.o)
                0x10003568                MXC_GPIO_ClearFlags
 .text.MXC_GPIO_GetFlags
                0x10003580       0x18 C:/MaximSDK/Libraries/PeriphDrivers/bin/MAX78000/softfp/libPeriphDriver_softfp.a(gpio_ai85.o)
                0x10003580                MXC_GPIO_GetFlags
 .text.MXC_GPIO_SetVSSEL
                0x10003598       0x24 C:/MaximSDK/Libraries/PeriphDrivers/bin/MAX78000/softfp/libPeriphDriver_softfp.a(gpio_ai85.o)
                0x10003598                MXC_GPIO_SetVSSEL
 .text.MXC_GPIO_RevA_InGet
                0x100035bc        0x8 C:/MaximSDK/Libraries/PeriphDrivers/bin/MAX78000/softfp/libPeriphDriver_softfp.a(gpio_reva.o)
                0x100035bc                MXC_GPIO_RevA_InGet
 .text.MXC_GPIO_RevA_OutSet
                0x100035c4        0x4 C:/MaximSDK/Libraries/PeriphDrivers/bin/MAX78000/softfp/libPeriphDriver_softfp.a(gpio_reva.o)
                0x100035c4                MXC_GPIO_RevA_OutSet
 .text.MXC_GPIO_RevA_OutClr
                0x100035c8        0x4 C:/MaximSDK/Libraries/PeriphDrivers/bin/MAX78000/softfp/libPeriphDriver_softfp.a(gpio_reva.o)
                0x100035c8                MXC_GPIO_RevA_OutClr
 .text.MXC_GPIO_RevA_ClearFlags
                0x100035cc        0x4 C:/MaximSDK/Libraries/PeriphDrivers/bin/MAX78000/softfp/libPeriphDriver_softfp.a(gpio_reva.o)
                0x100035cc                MXC_GPIO_RevA_ClearFlags
 .text.MXC_GPIO_RevA_GetFlags
                0x100035d0        0x4 C:/MaximSDK/Libraries/PeriphDrivers/bin/MAX78000/softfp/libPeriphDriver_softfp.a(gpio_reva.o)
                0x100035d0                MXC_GPIO_RevA_GetFlags
 .text.MXC_GPIO_RevA_SetVSSEL
                0x100035d4       0x30 C:/MaximSDK/Libraries/PeriphDrivers/bin/MAX78000/softfp/libPeriphDriver_softfp.a(gpio_reva.o)
                0x100035d4                MXC_GPIO_RevA_SetVSSEL
 .text.MXC_GPIO_RevA_SetAF
                0x10003604       0x6c C:/MaximSDK/Libraries/PeriphDrivers/bin/MAX78000/softfp/libPeriphDriver_softfp.a(gpio_reva.o)
                0x10003604                MXC_GPIO_RevA_SetAF
 .text.MXC_GPIO_RevA_SetDriveStrength
                0x10003670       0x74 C:/MaximSDK/Libraries/PeriphDrivers/bin/MAX78000/softfp/libPeriphDriver_softfp.a(gpio_reva.o)
                0x10003670                MXC_GPIO_RevA_SetDriveStrength
 .text.MXC_I2C_SetSlaveAddr
                0x100036e4        0xc C:/MaximSDK/Libraries/PeriphDrivers/bin/MAX78000/softfp/libPeriphDriver_softfp.a(i2c_me17.o)
                0x100036e4                MXC_I2C_SetSlaveAddr
 .text.MXC_I2C_Shutdown
                0x100036f0       0x6c C:/MaximSDK/Libraries/PeriphDrivers/bin/MAX78000/softfp/libPeriphDriver_softfp.a(i2c_me17.o)
                0x100036f0                MXC_I2C_Shutdown
 .text.MXC_I2C_Init
                0x1000375c       0x94 C:/MaximSDK/Libraries/PeriphDrivers/bin/MAX78000/softfp/libPeriphDriver_softfp.a(i2c_me17.o)
                0x1000375c                MXC_I2C_Init
 .text.MXC_I2C_SetFrequency
                0x100037f0        0x4 C:/MaximSDK/Libraries/PeriphDrivers/bin/MAX78000/softfp/libPeriphDriver_softfp.a(i2c_me17.o)
                0x100037f0                MXC_I2C_SetFrequency
 .text.MXC_I2C_GetFrequency
                0x100037f4        0x4 C:/MaximSDK/Libraries/PeriphDrivers/bin/MAX78000/softfp/libPeriphDriver_softfp.a(i2c_me17.o)
                0x100037f4                MXC_I2C_GetFrequency
 .text.MXC_I2C_ClearRXFIFO
                0x100037f8        0x4 C:/MaximSDK/Libraries/PeriphDrivers/bin/MAX78000/softfp/libPeriphDriver_softfp.a(i2c_me17.o)
                0x100037f8                MXC_I2C_ClearRXFIFO
 .text.MXC_I2C_ClearTXFIFO
                0x100037fc        0x4 C:/MaximSDK/Libraries/PeriphDrivers/bin/MAX78000/softfp/libPeriphDriver_softfp.a(i2c_me17.o)
                0x100037fc                MXC_I2C_ClearTXFIFO
 .text.MXC_I2C_Recover
                0x10003800        0x4 C:/MaximSDK/Libraries/PeriphDrivers/bin/MAX78000/softfp/libPeriphDriver_softfp.a(i2c_me17.o)
                0x10003800                MXC_I2C_Recover
 .text.MXC_I2C_SetRXThreshold
                0x10003804        0x4 C:/MaximSDK/Libraries/PeriphDrivers/bin/MAX78000/softfp/libPeriphDriver_softfp.a(i2c_me17.o)
                0x10003804                MXC_I2C_SetRXThreshold
 .text.MXC_I2C_SetTXThreshold
                0x10003808        0x4 C:/MaximSDK/Libraries/PeriphDrivers/bin/MAX78000/softfp/libPeriphDriver_softfp.a(i2c_me17.o)
                0x10003808                MXC_I2C_SetTXThreshold
 .text.MXC_I2C_RevA_Init
                0x1000380c      0x104 C:/MaximSDK/Libraries/PeriphDrivers/bin/MAX78000/softfp/libPeriphDriver_softfp.a(i2c_reva.o)
                0x1000380c                MXC_I2C_RevA_Init
 .text.MXC_I2C_RevA_SetSlaveAddr
                0x10003910       0x3c C:/MaximSDK/Libraries/PeriphDrivers/bin/MAX78000/softfp/libPeriphDriver_softfp.a(i2c_reva.o)
                0x10003910                MXC_I2C_RevA_SetSlaveAddr
 .text.MXC_I2C_RevA_Shutdown
                0x1000394c       0xac C:/MaximSDK/Libraries/PeriphDrivers/bin/MAX78000/softfp/libPeriphDriver_softfp.a(i2c_reva.o)
                0x1000394c                MXC_I2C_RevA_Shutdown
 .text.MXC_I2C_RevA_SetFrequency
                0x100039f8       0xc0 C:/MaximSDK/Libraries/PeriphDrivers/bin/MAX78000/softfp/libPeriphDriver_softfp.a(i2c_reva.o)
                0x100039f8                MXC_I2C_RevA_SetFrequency
 .text.MXC_I2C_RevA_GetFrequency
                0x10003ab8       0x38 C:/MaximSDK/Libraries/PeriphDrivers/bin/MAX78000/softfp/libPeriphDriver_softfp.a(i2c_reva.o)
                0x10003ab8                MXC_I2C_RevA_GetFrequency
 .text.MXC_I2C_RevA_ClearRXFIFO
                0x10003af0       0x10 C:/MaximSDK/Libraries/PeriphDrivers/bin/MAX78000/softfp/libPeriphDriver_softfp.a(i2c_reva.o)
                0x10003af0                MXC_I2C_RevA_ClearRXFIFO
 .text.MXC_I2C_RevA_ClearTXFIFO
                0x10003b00       0x10 C:/MaximSDK/Libraries/PeriphDrivers/bin/MAX78000/softfp/libPeriphDriver_softfp.a(i2c_reva.o)
                0x10003b00                MXC_I2C_RevA_ClearTXFIFO
 .text.MXC_I2C_RevA_Recover
                0x10003b10       0xd8 C:/MaximSDK/Libraries/PeriphDrivers/bin/MAX78000/softfp/libPeriphDriver_softfp.a(i2c_reva.o)
                0x10003b10                MXC_I2C_RevA_Recover
 .text.MXC_I2C_RevA_SetRXThreshold
                0x10003be8       0x20 C:/MaximSDK/Libraries/PeriphDrivers/bin/MAX78000/softfp/libPeriphDriver_softfp.a(i2c_reva.o)
                0x10003be8                MXC_I2C_RevA_SetRXThreshold
 .text.MXC_I2C_RevA_SetTXThreshold
                0x10003c08       0x24 C:/MaximSDK/Libraries/PeriphDrivers/bin/MAX78000/softfp/libPeriphDriver_softfp.a(i2c_reva.o)
                0x10003c08                MXC_I2C_RevA_SetTXThreshold
 .text.MXC_ICC_Enable
                0x10003c2c        0x4 C:/MaximSDK/Libraries/PeriphDrivers/bin/MAX78000/softfp/libPeriphDriver_softfp.a(icc_me17.o)
                0x10003c2c                MXC_ICC_Enable
 .text.MXC_ICC_RevA_Enable
                0x10003c30       0x30 C:/MaximSDK/Libraries/PeriphDrivers/bin/MAX78000/softfp/libPeriphDriver_softfp.a(icc_reva.o)
                0x10003c30                MXC_ICC_RevA_Enable
 .text.MXC_PT_Init
                0x10003c60      0x128 C:/MaximSDK/Libraries/PeriphDrivers/bin/MAX78000/softfp/libPeriphDriver_softfp.a(pt_ai85.o)
                0x10003c60                MXC_PT_Init
 .text.MXC_PT_Config
                0x10003d88       0x5c C:/MaximSDK/Libraries/PeriphDrivers/bin/MAX78000/softfp/libPeriphDriver_softfp.a(pt_ai85.o)
                0x10003d88                MXC_PT_Config
 .text.MXC_PT_SqrWaveConfig
                0x10003de4       0x20 C:/MaximSDK/Libraries/PeriphDrivers/bin/MAX78000/softfp/libPeriphDriver_softfp.a(pt_ai85.o)
                0x10003de4                MXC_PT_SqrWaveConfig
 .text.MXC_PT_Start
                0x10003e04        0xc C:/MaximSDK/Libraries/PeriphDrivers/bin/MAX78000/softfp/libPeriphDriver_softfp.a(pt_ai85.o)
                0x10003e04                MXC_PT_Start
 .text.MXC_PT_IsActive
                0x10003e10        0xc C:/MaximSDK/Libraries/PeriphDrivers/bin/MAX78000/softfp/libPeriphDriver_softfp.a(pt_ai85.o)
                0x10003e10                MXC_PT_IsActive
 .text.MXC_PT_RevA_Init
                0x10003e1c       0x10 C:/MaximSDK/Libraries/PeriphDrivers/bin/MAX78000/softfp/libPeriphDriver_softfp.a(pt_reva.o)
                0x10003e1c                MXC_PT_RevA_Init
 .text.MXC_PT_RevA_Config
                0x10003e2c       0xc4 C:/MaximSDK/Libraries/PeriphDrivers/bin/MAX78000/softfp/libPeriphDriver_softfp.a(pt_reva.o)
                0x10003e2c                MXC_PT_RevA_Config
 .text.MXC_PT_RevA_SqrWaveConfig
                0x10003ef0       0x18 C:/MaximSDK/Libraries/PeriphDrivers/bin/MAX78000/softfp/libPeriphDriver_softfp.a(pt_reva.o)
                0x10003ef0                MXC_PT_RevA_SqrWaveConfig
 .text.MXC_PT_RevA_Start
                0x10003f08       0x10 C:/MaximSDK/Libraries/PeriphDrivers/bin/MAX78000/softfp/libPeriphDriver_softfp.a(pt_reva.o)
                0x10003f08                MXC_PT_RevA_Start
 .text.MXC_PT_RevA_IsActive
                0x10003f18        0xc C:/MaximSDK/Libraries/PeriphDrivers/bin/MAX78000/softfp/libPeriphDriver_softfp.a(pt_reva.o)
                0x10003f18                MXC_PT_RevA_IsActive
 .text.MXC_TMR_Init
                0x10003f24      0x314 C:/MaximSDK/Libraries/PeriphDrivers/bin/MAX78000/softfp/libPeriphDriver_softfp.a(tmr_ai85.o)
                0x10003f24                MXC_TMR_Init
 .text.MXC_TMR_Start
                0x10004238        0x4 C:/MaximSDK/Libraries/PeriphDrivers/bin/MAX78000/softfp/libPeriphDriver_softfp.a(tmr_ai85.o)
                0x10004238                MXC_TMR_Start
 .text.MXC_TMR_Stop
                0x1000423c        0x4 C:/MaximSDK/Libraries/PeriphDrivers/bin/MAX78000/softfp/libPeriphDriver_softfp.a(tmr_ai85.o)
                0x1000423c                MXC_TMR_Stop
 .text.MXC_TMR_ClearFlags
                0x10004240        0x4 C:/MaximSDK/Libraries/PeriphDrivers/bin/MAX78000/softfp/libPeriphDriver_softfp.a(tmr_ai85.o)
                0x10004240                MXC_TMR_ClearFlags
 .text.MXC_TMR_SetCount
                0x10004244        0x4 C:/MaximSDK/Libraries/PeriphDrivers/bin/MAX78000/softfp/libPeriphDriver_softfp.a(tmr_ai85.o)
                0x10004244                MXC_TMR_SetCount
 .text.MXC_TMR_TO_Start
                0x10004248        0x4 C:/MaximSDK/Libraries/PeriphDrivers/bin/MAX78000/softfp/libPeriphDriver_softfp.a(tmr_ai85.o)
                0x10004248                MXC_TMR_TO_Start
 .text.MXC_TMR_TO_Stop
                0x1000424c        0x4 C:/MaximSDK/Libraries/PeriphDrivers/bin/MAX78000/softfp/libPeriphDriver_softfp.a(tmr_ai85.o)
                0x1000424c                MXC_TMR_TO_Stop
 .text.MXC_TMR_TO_Elapsed
                0x10004250        0x4 C:/MaximSDK/Libraries/PeriphDrivers/bin/MAX78000/softfp/libPeriphDriver_softfp.a(tmr_ai85.o)
                0x10004250                MXC_TMR_TO_Elapsed
 .text.MXC_TMR_SW_Start
                0x10004254        0x4 C:/MaximSDK/Libraries/PeriphDrivers/bin/MAX78000/softfp/libPeriphDriver_softfp.a(tmr_ai85.o)
                0x10004254                MXC_TMR_SW_Start
 .text.MXC_TMR_SW_Stop
                0x10004258        0x4 C:/MaximSDK/Libraries/PeriphDrivers/bin/MAX78000/softfp/libPeriphDriver_softfp.a(tmr_ai85.o)
                0x10004258                MXC_TMR_SW_Stop
 .text.MXC_TMR_GetTime
                0x1000425c        0x4 C:/MaximSDK/Libraries/PeriphDrivers/bin/MAX78000/softfp/libPeriphDriver_softfp.a(tmr_ai85.o)
                0x1000425c                MXC_TMR_GetTime
 .text.MXC_TMR_RevB_SetClockSourceFreq
                0x10004260       0x7c C:/MaximSDK/Libraries/PeriphDrivers/bin/MAX78000/softfp/libPeriphDriver_softfp.a(tmr_revb.o)
                0x10004260                MXC_TMR_RevB_SetClockSourceFreq
 .text.MXC_TMR_RevB_GetClockSourceFreq
                0x100042dc       0x80 C:/MaximSDK/Libraries/PeriphDrivers/bin/MAX78000/softfp/libPeriphDriver_softfp.a(tmr_revb.o)
                0x100042dc                MXC_TMR_RevB_GetClockSourceFreq
 .text.MXC_TMR_RevB_ConfigGeneric
                0x1000435c       0xe8 C:/MaximSDK/Libraries/PeriphDrivers/bin/MAX78000/softfp/libPeriphDriver_softfp.a(tmr_revb.o)
                0x1000435c                MXC_TMR_RevB_ConfigGeneric
 .text.MXC_TMR_RevB_Init
                0x10004444      0x16c C:/MaximSDK/Libraries/PeriphDrivers/bin/MAX78000/softfp/libPeriphDriver_softfp.a(tmr_revb.o)
                0x10004444                MXC_TMR_RevB_Init
 .text.MXC_TMR_RevB_Start
                0x100045b0       0x5c C:/MaximSDK/Libraries/PeriphDrivers/bin/MAX78000/softfp/libPeriphDriver_softfp.a(tmr_revb.o)
                0x100045b0                MXC_TMR_RevB_Start
 .text.MXC_TMR_RevB_Stop
                0x1000460c       0x58 C:/MaximSDK/Libraries/PeriphDrivers/bin/MAX78000/softfp/libPeriphDriver_softfp.a(tmr_revb.o)
                0x1000460c                MXC_TMR_RevB_Stop
 .text.MXC_TMR_RevB_ClearFlags
                0x10004664       0x58 C:/MaximSDK/Libraries/PeriphDrivers/bin/MAX78000/softfp/libPeriphDriver_softfp.a(tmr_revb.o)
                0x10004664                MXC_TMR_RevB_ClearFlags
 .text.MXC_TMR_RevB_SetCount
                0x100046bc       0x5c C:/MaximSDK/Libraries/PeriphDrivers/bin/MAX78000/softfp/libPeriphDriver_softfp.a(tmr_revb.o)
                0x100046bc                MXC_TMR_RevB_SetCount
 .text.MXC_TMR_RevB_TO_Start
                0x10004718       0xe4 C:/MaximSDK/Libraries/PeriphDrivers/bin/MAX78000/softfp/libPeriphDriver_softfp.a(tmr_revb.o)
                0x10004718                MXC_TMR_RevB_TO_Start
 .text.MXC_TMR_RevB_GetTime
                0x100047fc      0x148 C:/MaximSDK/Libraries/PeriphDrivers/bin/MAX78000/softfp/libPeriphDriver_softfp.a(tmr_revb.o)
                0x100047fc                MXC_TMR_RevB_GetTime
 .text.MXC_UART_Shutdown
                0x10004944       0x70 C:/MaximSDK/Libraries/PeriphDrivers/bin/MAX78000/softfp/libPeriphDriver_softfp.a(uart_ai85.o)
                0x10004944                MXC_UART_Shutdown
 .text.MXC_UART_Init
                0x100049b4       0xb8 C:/MaximSDK/Libraries/PeriphDrivers/bin/MAX78000/softfp/libPeriphDriver_softfp.a(uart_ai85.o)
                0x100049b4                MXC_UART_Init
 .text.MXC_UART_SetFrequency
                0x10004a6c       0xcc C:/MaximSDK/Libraries/PeriphDrivers/bin/MAX78000/softfp/libPeriphDriver_softfp.a(uart_ai85.o)
                0x10004a6c                MXC_UART_SetFrequency
 .text.MXC_UART_GetFrequency
                0x10004b38       0x54 C:/MaximSDK/Libraries/PeriphDrivers/bin/MAX78000/softfp/libPeriphDriver_softfp.a(uart_ai85.o)
                0x10004b38                MXC_UART_GetFrequency
 .text.MXC_UART_SetDataSize
                0x10004b8c        0x4 C:/MaximSDK/Libraries/PeriphDrivers/bin/MAX78000/softfp/libPeriphDriver_softfp.a(uart_ai85.o)
                0x10004b8c                MXC_UART_SetDataSize
 .text.MXC_UART_SetStopBits
                0x10004b90        0x4 C:/MaximSDK/Libraries/PeriphDrivers/bin/MAX78000/softfp/libPeriphDriver_softfp.a(uart_ai85.o)
                0x10004b90                MXC_UART_SetStopBits
 .text.MXC_UART_SetParity
                0x10004b94        0x4 C:/MaximSDK/Libraries/PeriphDrivers/bin/MAX78000/softfp/libPeriphDriver_softfp.a(uart_ai85.o)
                0x10004b94                MXC_UART_SetParity
 .text.MXC_UART_ReadCharacterRaw
                0x10004b98        0x4 C:/MaximSDK/Libraries/PeriphDrivers/bin/MAX78000/softfp/libPeriphDriver_softfp.a(uart_ai85.o)
                0x10004b98                MXC_UART_ReadCharacterRaw
 .text.MXC_UART_WriteCharacterRaw
                0x10004b9c        0x4 C:/MaximSDK/Libraries/PeriphDrivers/bin/MAX78000/softfp/libPeriphDriver_softfp.a(uart_ai85.o)
                0x10004b9c                MXC_UART_WriteCharacterRaw
 .text.MXC_UART_ReadCharacter
                0x10004ba0        0x4 C:/MaximSDK/Libraries/PeriphDrivers/bin/MAX78000/softfp/libPeriphDriver_softfp.a(uart_ai85.o)
                0x10004ba0                MXC_UART_ReadCharacter
 .text.MXC_UART_WriteCharacter
                0x10004ba4        0x4 C:/MaximSDK/Libraries/PeriphDrivers/bin/MAX78000/softfp/libPeriphDriver_softfp.a(uart_ai85.o)
                0x10004ba4                MXC_UART_WriteCharacter
 .text.MXC_UART_GetRXFIFOAvailable
                0x10004ba8        0x4 C:/MaximSDK/Libraries/PeriphDrivers/bin/MAX78000/softfp/libPeriphDriver_softfp.a(uart_ai85.o)
                0x10004ba8                MXC_UART_GetRXFIFOAvailable
 .text.MXC_UART_GetTXFIFOAvailable
                0x10004bac        0x4 C:/MaximSDK/Libraries/PeriphDrivers/bin/MAX78000/softfp/libPeriphDriver_softfp.a(uart_ai85.o)
                0x10004bac                MXC_UART_GetTXFIFOAvailable
 .text.MXC_UART_SetRXThreshold
                0x10004bb0        0x4 C:/MaximSDK/Libraries/PeriphDrivers/bin/MAX78000/softfp/libPeriphDriver_softfp.a(uart_ai85.o)
                0x10004bb0                MXC_UART_SetRXThreshold
 .text.MXC_UART_Common_ReadCharacter
                0x10004bb4       0x18 C:/MaximSDK/Libraries/PeriphDrivers/bin/MAX78000/softfp/libPeriphDriver_softfp.a(uart_common.o)
                0x10004bb4                MXC_UART_Common_ReadCharacter
 .text.MXC_UART_Common_WriteCharacter
                0x10004bcc       0x1c C:/MaximSDK/Libraries/PeriphDrivers/bin/MAX78000/softfp/libPeriphDriver_softfp.a(uart_common.o)
                0x10004bcc                MXC_UART_Common_WriteCharacter
 .text.MXC_UART_RevB_Init
                0x10004be8       0xdc C:/MaximSDK/Libraries/PeriphDrivers/bin/MAX78000/softfp/libPeriphDriver_softfp.a(uart_revb.o)
                0x10004be8                MXC_UART_RevB_Init
 .text.MXC_UART_RevB_SetFrequency
                0x10004cc4       0x74 C:/MaximSDK/Libraries/PeriphDrivers/bin/MAX78000/softfp/libPeriphDriver_softfp.a(uart_revb.o)
                0x10004cc4                MXC_UART_RevB_SetFrequency
 .text.MXC_UART_RevB_GetFrequency
                0x10004d38       0x54 C:/MaximSDK/Libraries/PeriphDrivers/bin/MAX78000/softfp/libPeriphDriver_softfp.a(uart_revb.o)
                0x10004d38                MXC_UART_RevB_GetFrequency
 .text.MXC_UART_RevB_SetDataSize
                0x10004d8c       0x20 C:/MaximSDK/Libraries/PeriphDrivers/bin/MAX78000/softfp/libPeriphDriver_softfp.a(uart_revb.o)
                0x10004d8c                MXC_UART_RevB_SetDataSize
 .text.MXC_UART_RevB_SetStopBits
                0x10004dac       0x28 C:/MaximSDK/Libraries/PeriphDrivers/bin/MAX78000/softfp/libPeriphDriver_softfp.a(uart_revb.o)
                0x10004dac                MXC_UART_RevB_SetStopBits
 .text.MXC_UART_RevB_SetParity
                0x10004dd4       0x94 C:/MaximSDK/Libraries/PeriphDrivers/bin/MAX78000/softfp/libPeriphDriver_softfp.a(uart_revb.o)
                0x10004dd4                MXC_UART_RevB_SetParity
 .text.MXC_UART_RevB_ReadCharacterRaw
                0x10004e68       0x10 C:/MaximSDK/Libraries/PeriphDrivers/bin/MAX78000/softfp/libPeriphDriver_softfp.a(uart_revb.o)
                0x10004e68                MXC_UART_RevB_ReadCharacterRaw
 .text.MXC_UART_RevB_WriteCharacterRaw
                0x10004e78       0x14 C:/MaximSDK/Libraries/PeriphDrivers/bin/MAX78000/softfp/libPeriphDriver_softfp.a(uart_revb.o)
                0x10004e78                MXC_UART_RevB_WriteCharacterRaw
 .text.MXC_UART_RevB_GetRXFIFOAvailable
                0x10004e8c        0x8 C:/MaximSDK/Libraries/PeriphDrivers/bin/MAX78000/softfp/libPeriphDriver_softfp.a(uart_revb.o)
                0x10004e8c                MXC_UART_RevB_GetRXFIFOAvailable
 .text.MXC_UART_RevB_GetTXFIFOAvailable
                0x10004e94        0xc C:/MaximSDK/Libraries/PeriphDrivers/bin/MAX78000/softfp/libPeriphDriver_softfp.a(uart_revb.o)
                0x10004e94                MXC_UART_RevB_GetTXFIFOAvailable
 .text.MXC_UART_RevB_SetRXThreshold
                0x10004ea0       0x1c C:/MaximSDK/Libraries/PeriphDrivers/bin/MAX78000/softfp/libPeriphDriver_softfp.a(uart_revb.o)
                0x10004ea0                MXC_UART_RevB_SetRXThreshold
 .text.MXC_GetLock
                0x10004ebc       0x1c C:/MaximSDK/Libraries/PeriphDrivers/bin/MAX78000/softfp/libPeriphDriver_softfp.a(mxc_lock.o)
                0x10004ebc                MXC_GetLock
 .text.MXC_FreeLock
                0x10004ed8        0xc C:/MaximSDK/Libraries/PeriphDrivers/bin/MAX78000/softfp/libPeriphDriver_softfp.a(mxc_lock.o)
                0x10004ed8                MXC_FreeLock
 .text.MXC_GPIO_Common_Init
                0x10004ee4       0x24 C:/MaximSDK/Libraries/PeriphDrivers/bin/MAX78000/softfp/libPeriphDriver_softfp.a(gpio_common.o)
                0x10004ee4                MXC_GPIO_Common_Init
 .text.MXC_GPIO_Common_Handler
                0x10004f08       0x88 C:/MaximSDK/Libraries/PeriphDrivers/bin/MAX78000/softfp/libPeriphDriver_softfp.a(gpio_common.o)
                0x10004f08                MXC_GPIO_Common_Handler
 .text.MXC_TMR_Common_TO_Stop
                0x10004f90       0x14 C:/MaximSDK/Libraries/PeriphDrivers/bin/MAX78000/softfp/libPeriphDriver_softfp.a(tmr_common.o)
                0x10004f90                MXC_TMR_Common_TO_Stop
 .text.MXC_TMR_Common_SW_Start
                0x10004fa4        0x8 C:/MaximSDK/Libraries/PeriphDrivers/bin/MAX78000/softfp/libPeriphDriver_softfp.a(tmr_common.o)
                0x10004fa4                MXC_TMR_Common_SW_Start
 .text.MXC_TMR_Common_SW_Stop
                0x10004fac       0x14 C:/MaximSDK/Libraries/PeriphDrivers/bin/MAX78000/softfp/libPeriphDriver_softfp.a(tmr_common.o)
                0x10004fac                MXC_TMR_Common_SW_Stop
 .text.MXC_TMR_Common_TO_Elapsed
                0x10004fc0       0x54 C:/MaximSDK/Libraries/PeriphDrivers/bin/MAX78000/softfp/libPeriphDriver_softfp.a(tmr_common.o)
                0x10004fc0                MXC_TMR_Common_TO_Elapsed
 .text.__errno  0x10005014        0xc c:/maximsdk/tools/gnutools/10.3/bin/../lib/gcc/arm-none-eabi/10.3.1/../../../../arm-none-eabi/lib/thumb/v7e-m+fp/softfp\libc.a(lib_a-errno.o)
                0x10005014                __errno
 .text.__libc_init_array
                0x10005020       0x48 c:/maximsdk/tools/gnutools/10.3/bin/../lib/gcc/arm-none-eabi/10.3.1/../../../../arm-none-eabi/lib/thumb/v7e-m+fp/softfp\libc.a(lib_a-init.o)
                0x10005020                __libc_init_array
 .text.malloc   0x10005068       0x10 c:/maximsdk/tools/gnutools/10.3/bin/../lib/gcc/arm-none-eabi/10.3.1/../../../../arm-none-eabi/lib/thumb/v7e-m+fp/softfp\libc.a(lib_a-malloc.o)
                0x10005068                malloc
 .text.free     0x10005078       0x10 c:/maximsdk/tools/gnutools/10.3/bin/../lib/gcc/arm-none-eabi/10.3.1/../../../../arm-none-eabi/lib/thumb/v7e-m+fp/softfp\libc.a(lib_a-malloc.o)
                0x10005078                free
 .text._malloc_r
                0x10005088      0x560 c:/maximsdk/tools/gnutools/10.3/bin/../lib/gcc/arm-none-eabi/10.3.1/../../../../arm-none-eabi/lib/thumb/v7e-m+fp/softfp\libc.a(lib_a-mallocr.o)
                0x10005088                _malloc_r
 .text          0x100055e8      0x134 c:/maximsdk/tools/gnutools/10.3/bin/../lib/gcc/arm-none-eabi/10.3.1/../../../../arm-none-eabi/lib/thumb/v7e-m+fp/softfp\libc.a(lib_a-memcpy.o)
                0x100055e8                memcpy
 .text.memset   0x1000571c       0xa4 c:/maximsdk/tools/gnutools/10.3/bin/../lib/gcc/arm-none-eabi/10.3.1/../../../../arm-none-eabi/lib/thumb/v7e-m+fp/softfp\libc.a(lib_a-memset.o)
                0x1000571c                memset
 .text.__malloc_lock
                0x100057c0        0xc c:/maximsdk/tools/gnutools/10.3/bin/../lib/gcc/arm-none-eabi/10.3.1/../../../../arm-none-eabi/lib/thumb/v7e-m+fp/softfp\libc.a(lib_a-mlock.o)
                0x100057c0                __malloc_lock
 .text.__malloc_unlock
                0x100057cc        0xc c:/maximsdk/tools/gnutools/10.3/bin/../lib/gcc/arm-none-eabi/10.3.1/../../../../arm-none-eabi/lib/thumb/v7e-m+fp/softfp\libc.a(lib_a-mlock.o)
                0x100057cc                __malloc_unlock
 .text.printf   0x100057d8       0x28 c:/maximsdk/tools/gnutools/10.3/bin/../lib/gcc/arm-none-eabi/10.3.1/../../../../arm-none-eabi/lib/thumb/v7e-m+fp/softfp\libc.a(lib_a-printf.o)
                0x100057d8                printf
 .text.putchar  0x10005800       0x10 c:/maximsdk/tools/gnutools/10.3/bin/../lib/gcc/arm-none-eabi/10.3.1/../../../../arm-none-eabi/lib/thumb/v7e-m+fp/softfp\libc.a(lib_a-putchar.o)
                0x10005800                putchar
 .text._puts_r  0x10005810       0x9c c:/maximsdk/tools/gnutools/10.3/bin/../lib/gcc/arm-none-eabi/10.3.1/../../../../arm-none-eabi/lib/thumb/v7e-m+fp/softfp\libc.a(lib_a-puts.o)
                0x10005810                _puts_r
 .text.puts     0x100058ac       0x10 c:/maximsdk/tools/gnutools/10.3/bin/../lib/gcc/arm-none-eabi/10.3.1/../../../../arm-none-eabi/lib/thumb/v7e-m+fp/softfp\libc.a(lib_a-puts.o)
                0x100058ac                puts
 .text._sbrk_r  0x100058bc       0x24 c:/maximsdk/tools/gnutools/10.3/bin/../lib/gcc/arm-none-eabi/10.3.1/../../../../arm-none-eabi/lib/thumb/v7e-m+fp/softfp\libc.a(lib_a-sbrkr.o)
                0x100058bc                _sbrk_r
 .text.snprintf
                0x100058e0       0x88 c:/maximsdk/tools/gnutools/10.3/bin/../lib/gcc/arm-none-eabi/10.3.1/../../../../arm-none-eabi/lib/thumb/v7e-m+fp/softfp\libc.a(lib_a-snprintf.o)
                0x100058e0                snprintf
 *fill*         0x10005968       0x18 
 .text          0x10005980       0xdc c:/maximsdk/tools/gnutools/10.3/bin/../lib/gcc/arm-none-eabi/10.3.1/../../../../arm-none-eabi/lib/thumb/v7e-m+fp/softfp\libc.a(lib_a-strlen.o)
                0x10005980                strlen
 *fill*         0x10005a5c        0x4 
 .text._svfprintf_r
                0x10005a60     0x1ac8 c:/maximsdk/tools/gnutools/10.3/bin/../lib/gcc/arm-none-eabi/10.3.1/../../../../arm-none-eabi/lib/thumb/v7e-m+fp/softfp\libc.a(lib_a-svfprintf.o)
                0x10005a60                _svfprintf_r
 .text._vfprintf_r
                0x10007528     0x1b8c c:/maximsdk/tools/gnutools/10.3/bin/../lib/gcc/arm-none-eabi/10.3.1/../../../../arm-none-eabi/lib/thumb/v7e-m+fp/softfp\libc.a(lib_a-vfprintf.o)
                0x10007528                _vfprintf_r
 .text.__sbprintf
                0x100090b4       0x80 c:/maximsdk/tools/gnutools/10.3/bin/../lib/gcc/arm-none-eabi/10.3.1/../../../../arm-none-eabi/lib/thumb/v7e-m+fp/softfp\libc.a(lib_a-vfprintf.o)
 .text.__swsetup_r
                0x10009134       0xd4 c:/maximsdk/tools/gnutools/10.3/bin/../lib/gcc/arm-none-eabi/10.3.1/../../../../arm-none-eabi/lib/thumb/v7e-m+fp/softfp\libc.a(lib_a-wsetup.o)
                0x10009134                __swsetup_r
 .text.startup.register_fini
                0x10009208       0x14 c:/maximsdk/tools/gnutools/10.3/bin/../lib/gcc/arm-none-eabi/10.3.1/../../../../arm-none-eabi/lib/thumb/v7e-m+fp/softfp\libc.a(lib_a-__call_atexit.o)
 .text.atexit   0x1000921c        0xc c:/maximsdk/tools/gnutools/10.3/bin/../lib/gcc/arm-none-eabi/10.3.1/../../../../arm-none-eabi/lib/thumb/v7e-m+fp/softfp\libc.a(lib_a-atexit.o)
                0x1000921c                atexit
 .text.quorem   0x10009228      0x128 c:/maximsdk/tools/gnutools/10.3/bin/../lib/gcc/arm-none-eabi/10.3.1/../../../../arm-none-eabi/lib/thumb/v7e-m+fp/softfp\libc.a(lib_a-dtoa.o)
 .text._dtoa_r  0x10009350      0xf34 c:/maximsdk/tools/gnutools/10.3/bin/../lib/gcc/arm-none-eabi/10.3.1/../../../../arm-none-eabi/lib/thumb/v7e-m+fp/softfp\libc.a(lib_a-dtoa.o)
                0x10009350                _dtoa_r
 .text.__sflush_r
                0x1000a284      0x130 c:/maximsdk/tools/gnutools/10.3/bin/../lib/gcc/arm-none-eabi/10.3.1/../../../../arm-none-eabi/lib/thumb/v7e-m+fp/softfp\libc.a(lib_a-fflush.o)
                0x1000a284                __sflush_r
 .text._fflush_r
                0x1000a3b4       0x5c c:/maximsdk/tools/gnutools/10.3/bin/../lib/gcc/arm-none-eabi/10.3.1/../../../../arm-none-eabi/lib/thumb/v7e-m+fp/softfp\libc.a(lib_a-fflush.o)
                0x1000a3b4                _fflush_r
 .text._cleanup_r
                0x1000a410        0xc c:/maximsdk/tools/gnutools/10.3/bin/../lib/gcc/arm-none-eabi/10.3.1/../../../../arm-none-eabi/lib/thumb/v7e-m+fp/softfp\libc.a(lib_a-findfp.o)
                0x1000a410                _cleanup_r
 .text.__sinit  0x1000a41c      0x10c c:/maximsdk/tools/gnutools/10.3/bin/../lib/gcc/arm-none-eabi/10.3.1/../../../../arm-none-eabi/lib/thumb/v7e-m+fp/softfp\libc.a(lib_a-findfp.o)
                0x1000a41c                __sinit
 .text.__sfp_lock_acquire
                0x1000a528        0xc c:/maximsdk/tools/gnutools/10.3/bin/../lib/gcc/arm-none-eabi/10.3.1/../../../../arm-none-eabi/lib/thumb/v7e-m+fp/softfp\libc.a(lib_a-findfp.o)
                0x1000a528                __sfp_lock_acquire
 .text.__sfp_lock_release
                0x1000a534        0xc c:/maximsdk/tools/gnutools/10.3/bin/../lib/gcc/arm-none-eabi/10.3.1/../../../../arm-none-eabi/lib/thumb/v7e-m+fp/softfp\libc.a(lib_a-findfp.o)
                0x1000a534                __sfp_lock_release
 .text.__libc_fini_array
                0x1000a540       0x2c c:/maximsdk/tools/gnutools/10.3/bin/../lib/gcc/arm-none-eabi/10.3.1/../../../../arm-none-eabi/lib/thumb/v7e-m+fp/softfp\libc.a(lib_a-fini.o)
                0x1000a540                __libc_fini_array
 .text._malloc_trim_r
                0x1000a56c       0xa0 c:/maximsdk/tools/gnutools/10.3/bin/../lib/gcc/arm-none-eabi/10.3.1/../../../../arm-none-eabi/lib/thumb/v7e-m+fp/softfp\libc.a(lib_a-freer.o)
                0x1000a56c                _malloc_trim_r
 .text._free_r  0x1000a60c      0x20c c:/maximsdk/tools/gnutools/10.3/bin/../lib/gcc/arm-none-eabi/10.3.1/../../../../arm-none-eabi/lib/thumb/v7e-m+fp/softfp\libc.a(lib_a-freer.o)
                0x1000a60c                _free_r
 .text.__sfvwrite_r
                0x1000a818      0x2f0 c:/maximsdk/tools/gnutools/10.3/bin/../lib/gcc/arm-none-eabi/10.3.1/../../../../arm-none-eabi/lib/thumb/v7e-m+fp/softfp\libc.a(lib_a-fvwrite.o)
                0x1000a818                __sfvwrite_r
 .text._fwalk_reent
                0x1000ab08       0x48 c:/maximsdk/tools/gnutools/10.3/bin/../lib/gcc/arm-none-eabi/10.3.1/../../../../arm-none-eabi/lib/thumb/v7e-m+fp/softfp\libc.a(lib_a-fwalk.o)
                0x1000ab08                _fwalk_reent
 .text._localeconv_r
                0x1000ab50        0x8 c:/maximsdk/tools/gnutools/10.3/bin/../lib/gcc/arm-none-eabi/10.3.1/../../../../arm-none-eabi/lib/thumb/v7e-m+fp/softfp\libc.a(lib_a-localeconv.o)
                0x1000ab50                _localeconv_r
 .text.__retarget_lock_init_recursive
                0x1000ab58        0x4 c:/maximsdk/tools/gnutools/10.3/bin/../lib/gcc/arm-none-eabi/10.3.1/../../../../arm-none-eabi/lib/thumb/v7e-m+fp/softfp\libc.a(lib_a-lock.o)
                0x1000ab58                __retarget_lock_init_recursive
 .text.__retarget_lock_close_recursive
                0x1000ab5c        0x4 c:/maximsdk/tools/gnutools/10.3/bin/../lib/gcc/arm-none-eabi/10.3.1/../../../../arm-none-eabi/lib/thumb/v7e-m+fp/softfp\libc.a(lib_a-lock.o)
                0x1000ab5c                __retarget_lock_close_recursive
 .text.__retarget_lock_acquire_recursive
                0x1000ab60        0x4 c:/maximsdk/tools/gnutools/10.3/bin/../lib/gcc/arm-none-eabi/10.3.1/../../../../arm-none-eabi/lib/thumb/v7e-m+fp/softfp\libc.a(lib_a-lock.o)
                0x1000ab60                __retarget_lock_acquire_recursive
 .text.__retarget_lock_release_recursive
                0x1000ab64        0x4 c:/maximsdk/tools/gnutools/10.3/bin/../lib/gcc/arm-none-eabi/10.3.1/../../../../arm-none-eabi/lib/thumb/v7e-m+fp/softfp\libc.a(lib_a-lock.o)
                0x1000ab64                __retarget_lock_release_recursive
 .text.__smakebuf_r
                0x1000ab68       0xe0 c:/maximsdk/tools/gnutools/10.3/bin/../lib/gcc/arm-none-eabi/10.3.1/../../../../arm-none-eabi/lib/thumb/v7e-m+fp/softfp\libc.a(lib_a-makebuf.o)
                0x1000ab68                __smakebuf_r
 *fill*         0x1000ac48        0x8 
 .text          0x1000ac50       0xa0 c:/maximsdk/tools/gnutools/10.3/bin/../lib/gcc/arm-none-eabi/10.3.1/../../../../arm-none-eabi/lib/thumb/v7e-m+fp/softfp\libc.a(lib_a-memchr.o)
                0x1000ac50                memchr
 .text.memmove  0x1000acf0       0xf8 c:/maximsdk/tools/gnutools/10.3/bin/../lib/gcc/arm-none-eabi/10.3.1/../../../../arm-none-eabi/lib/thumb/v7e-m+fp/softfp\libc.a(lib_a-memmove.o)
                0x1000acf0                memmove
 .text._Balloc  0x1000ade8       0x4c c:/maximsdk/tools/gnutools/10.3/bin/../lib/gcc/arm-none-eabi/10.3.1/../../../../arm-none-eabi/lib/thumb/v7e-m+fp/softfp\libc.a(lib_a-mprec.o)
                0x1000ade8                _Balloc
 .text._Bfree   0x1000ae34       0x14 c:/maximsdk/tools/gnutools/10.3/bin/../lib/gcc/arm-none-eabi/10.3.1/../../../../arm-none-eabi/lib/thumb/v7e-m+fp/softfp\libc.a(lib_a-mprec.o)
                0x1000ae34                _Bfree
 .text.__multadd
                0x1000ae48       0xa8 c:/maximsdk/tools/gnutools/10.3/bin/../lib/gcc/arm-none-eabi/10.3.1/../../../../arm-none-eabi/lib/thumb/v7e-m+fp/softfp\libc.a(lib_a-mprec.o)
                0x1000ae48                __multadd
 .text.__hi0bits
                0x1000aef0       0x40 c:/maximsdk/tools/gnutools/10.3/bin/../lib/gcc/arm-none-eabi/10.3.1/../../../../arm-none-eabi/lib/thumb/v7e-m+fp/softfp\libc.a(lib_a-mprec.o)
                0x1000aef0                __hi0bits
 .text.__lo0bits
                0x1000af30       0x60 c:/maximsdk/tools/gnutools/10.3/bin/../lib/gcc/arm-none-eabi/10.3.1/../../../../arm-none-eabi/lib/thumb/v7e-m+fp/softfp\libc.a(lib_a-mprec.o)
                0x1000af30                __lo0bits
 .text.__i2b    0x1000af90       0x5c c:/maximsdk/tools/gnutools/10.3/bin/../lib/gcc/arm-none-eabi/10.3.1/../../../../arm-none-eabi/lib/thumb/v7e-m+fp/softfp\libc.a(lib_a-mprec.o)
                0x1000af90                __i2b
 .text.__multiply
                0x1000afec      0x15c c:/maximsdk/tools/gnutools/10.3/bin/../lib/gcc/arm-none-eabi/10.3.1/../../../../arm-none-eabi/lib/thumb/v7e-m+fp/softfp\libc.a(lib_a-mprec.o)
                0x1000afec                __multiply
 .text.__pow5mult
                0x1000b148       0xc0 c:/maximsdk/tools/gnutools/10.3/bin/../lib/gcc/arm-none-eabi/10.3.1/../../../../arm-none-eabi/lib/thumb/v7e-m+fp/softfp\libc.a(lib_a-mprec.o)
                0x1000b148                __pow5mult
 .text.__lshift
                0x1000b208       0xf0 c:/maximsdk/tools/gnutools/10.3/bin/../lib/gcc/arm-none-eabi/10.3.1/../../../../arm-none-eabi/lib/thumb/v7e-m+fp/softfp\libc.a(lib_a-mprec.o)
                0x1000b208                __lshift
 .text.__mcmp   0x1000b2f8       0x44 c:/maximsdk/tools/gnutools/10.3/bin/../lib/gcc/arm-none-eabi/10.3.1/../../../../arm-none-eabi/lib/thumb/v7e-m+fp/softfp\libc.a(lib_a-mprec.o)
                0x1000b2f8                __mcmp
 .text.__mdiff  0x1000b33c      0x14c c:/maximsdk/tools/gnutools/10.3/bin/../lib/gcc/arm-none-eabi/10.3.1/../../../../arm-none-eabi/lib/thumb/v7e-m+fp/softfp\libc.a(lib_a-mprec.o)
                0x1000b33c                __mdiff
 .text.__d2b    0x1000b488       0xc4 c:/maximsdk/tools/gnutools/10.3/bin/../lib/gcc/arm-none-eabi/10.3.1/../../../../arm-none-eabi/lib/thumb/v7e-m+fp/softfp\libc.a(lib_a-mprec.o)
                0x1000b488                __d2b
 .text._putc_r  0x1000b54c       0x74 c:/maximsdk/tools/gnutools/10.3/bin/../lib/gcc/arm-none-eabi/10.3.1/../../../../arm-none-eabi/lib/thumb/v7e-m+fp/softfp\libc.a(lib_a-putc.o)
                0x1000b54c                _putc_r
 .text._realloc_r
                0x1000b5c0      0x3d8 c:/maximsdk/tools/gnutools/10.3/bin/../lib/gcc/arm-none-eabi/10.3.1/../../../../arm-none-eabi/lib/thumb/v7e-m+fp/softfp\libc.a(lib_a-reallocr.o)
                0x1000b5c0                _realloc_r
 .text.frexp    0x1000b998       0x70 c:/maximsdk/tools/gnutools/10.3/bin/../lib/gcc/arm-none-eabi/10.3.1/../../../../arm-none-eabi/lib/thumb/v7e-m+fp/softfp\libc.a(lib_a-s_frexp.o)
                0x1000b998                frexp
 .text.__sread  0x1000ba08       0x24 c:/maximsdk/tools/gnutools/10.3/bin/../lib/gcc/arm-none-eabi/10.3.1/../../../../arm-none-eabi/lib/thumb/v7e-m+fp/softfp\libc.a(lib_a-stdio.o)
                0x1000ba08                __sread
 .text.__swrite
                0x1000ba2c       0x40 c:/maximsdk/tools/gnutools/10.3/bin/../lib/gcc/arm-none-eabi/10.3.1/../../../../arm-none-eabi/lib/thumb/v7e-m+fp/softfp\libc.a(lib_a-stdio.o)
                0x1000ba2c                __swrite
 .text.__sseek  0x1000ba6c       0x20 c:/maximsdk/tools/gnutools/10.3/bin/../lib/gcc/arm-none-eabi/10.3.1/../../../../arm-none-eabi/lib/thumb/v7e-m+fp/softfp\libc.a(lib_a-stdio.o)
                0x1000ba6c                __sseek
 .text.__sclose
                0x1000ba8c        0x8 c:/maximsdk/tools/gnutools/10.3/bin/../lib/gcc/arm-none-eabi/10.3.1/../../../../arm-none-eabi/lib/thumb/v7e-m+fp/softfp\libc.a(lib_a-stdio.o)
                0x1000ba8c                __sclose
 .text.strncpy  0x1000ba94       0x64 c:/maximsdk/tools/gnutools/10.3/bin/../lib/gcc/arm-none-eabi/10.3.1/../../../../arm-none-eabi/lib/thumb/v7e-m+fp/softfp\libc.a(lib_a-strncpy.o)
                0x1000ba94                strncpy
 .text.__ssprint_r
                0x1000baf8       0xf8 c:/maximsdk/tools/gnutools/10.3/bin/../lib/gcc/arm-none-eabi/10.3.1/../../../../arm-none-eabi/lib/thumb/v7e-m+fp/softfp\libc.a(lib_a-svfiprintf.o)
                0x1000baf8                __ssprint_r
 .text.__sprint_r.part.0
                0x1000bbf0       0x78 c:/maximsdk/tools/gnutools/10.3/bin/../lib/gcc/arm-none-eabi/10.3.1/../../../../arm-none-eabi/lib/thumb/v7e-m+fp/softfp\libc.a(lib_a-vfiprintf.o)
 .text.__sprint_r
                0x1000bc68       0x18 c:/maximsdk/tools/gnutools/10.3/bin/../lib/gcc/arm-none-eabi/10.3.1/../../../../arm-none-eabi/lib/thumb/v7e-m+fp/softfp\libc.a(lib_a-vfiprintf.o)
                0x1000bc68                __sprint_r
 .text._vfiprintf_r
                0x1000bc80      0xdfc c:/maximsdk/tools/gnutools/10.3/bin/../lib/gcc/arm-none-eabi/10.3.1/../../../../arm-none-eabi/lib/thumb/v7e-m+fp/softfp\libc.a(lib_a-vfiprintf.o)
                0x1000bc80                _vfiprintf_r
 .text.__sbprintf
                0x1000ca7c       0x80 c:/maximsdk/tools/gnutools/10.3/bin/../lib/gcc/arm-none-eabi/10.3.1/../../../../arm-none-eabi/lib/thumb/v7e-m+fp/softfp\libc.a(lib_a-vfiprintf.o)
 .text.__swbuf_r
                0x1000cafc       0xb0 c:/maximsdk/tools/gnutools/10.3/bin/../lib/gcc/arm-none-eabi/10.3.1/../../../../arm-none-eabi/lib/thumb/v7e-m+fp/softfp\libc.a(lib_a-wbuf.o)
                0x1000cafc                __swbuf_r
 .text._write_r
                0x1000cbac       0x2c c:/maximsdk/tools/gnutools/10.3/bin/../lib/gcc/arm-none-eabi/10.3.1/../../../../arm-none-eabi/lib/thumb/v7e-m+fp/softfp\libc.a(lib_a-writer.o)
                0x1000cbac                _write_r
 .text.__register_exitproc
                0x1000cbd8       0x8c c:/maximsdk/tools/gnutools/10.3/bin/../lib/gcc/arm-none-eabi/10.3.1/../../../../arm-none-eabi/lib/thumb/v7e-m+fp/softfp\libc.a(lib_a-__atexit.o)
                0x1000cbd8                __register_exitproc
 .text.__assert_func
                0x1000cc64       0x40 c:/maximsdk/tools/gnutools/10.3/bin/../lib/gcc/arm-none-eabi/10.3.1/../../../../arm-none-eabi/lib/thumb/v7e-m+fp/softfp\libc.a(lib_a-assert.o)
                0x1000cc64                __assert_func
 .text._calloc_r
                0x1000cca4       0x78 c:/maximsdk/tools/gnutools/10.3/bin/../lib/gcc/arm-none-eabi/10.3.1/../../../../arm-none-eabi/lib/thumb/v7e-m+fp/softfp\libc.a(lib_a-callocr.o)
                0x1000cca4                _calloc_r
 .text._close_r
                0x1000cd1c       0x24 c:/maximsdk/tools/gnutools/10.3/bin/../lib/gcc/arm-none-eabi/10.3.1/../../../../arm-none-eabi/lib/thumb/v7e-m+fp/softfp\libc.a(lib_a-closer.o)
                0x1000cd1c                _close_r
 .text._fclose_r
                0x1000cd40       0xcc c:/maximsdk/tools/gnutools/10.3/bin/../lib/gcc/arm-none-eabi/10.3.1/../../../../arm-none-eabi/lib/thumb/v7e-m+fp/softfp\libc.a(lib_a-fclose.o)
                0x1000cd40                _fclose_r
 .text.fiprintf
                0x1000ce0c       0x28 c:/maximsdk/tools/gnutools/10.3/bin/../lib/gcc/arm-none-eabi/10.3.1/../../../../arm-none-eabi/lib/thumb/v7e-m+fp/softfp\libc.a(lib_a-fiprintf.o)
                0x1000ce0c                fiprintf
 .text.__fputwc
                0x1000ce34       0xa8 c:/maximsdk/tools/gnutools/10.3/bin/../lib/gcc/arm-none-eabi/10.3.1/../../../../arm-none-eabi/lib/thumb/v7e-m+fp/softfp\libc.a(lib_a-fputwc.o)
                0x1000ce34                __fputwc
 .text._fputwc_r
                0x1000cedc       0x68 c:/maximsdk/tools/gnutools/10.3/bin/../lib/gcc/arm-none-eabi/10.3.1/../../../../arm-none-eabi/lib/thumb/v7e-m+fp/softfp\libc.a(lib_a-fputwc.o)
                0x1000cedc                _fputwc_r
 .text._fstat_r
                0x1000cf44       0x2c c:/maximsdk/tools/gnutools/10.3/bin/../lib/gcc/arm-none-eabi/10.3.1/../../../../arm-none-eabi/lib/thumb/v7e-m+fp/softfp\libc.a(lib_a-fstatr.o)
                0x1000cf44                _fstat_r
 .text._isatty_r
                0x1000cf70       0x24 c:/maximsdk/tools/gnutools/10.3/bin/../lib/gcc/arm-none-eabi/10.3.1/../../../../arm-none-eabi/lib/thumb/v7e-m+fp/softfp\libc.a(lib_a-isattyr.o)
                0x1000cf70                _isatty_r
 .text.__locale_mb_cur_max
                0x1000cf94        0xc c:/maximsdk/tools/gnutools/10.3/bin/../lib/gcc/arm-none-eabi/10.3.1/../../../../arm-none-eabi/lib/thumb/v7e-m+fp/softfp\libc.a(lib_a-locale.o)
                0x1000cf94                __locale_mb_cur_max
 .text._lseek_r
                0x1000cfa0       0x2c c:/maximsdk/tools/gnutools/10.3/bin/../lib/gcc/arm-none-eabi/10.3.1/../../../../arm-none-eabi/lib/thumb/v7e-m+fp/softfp\libc.a(lib_a-lseekr.o)
                0x1000cfa0                _lseek_r
 .text.__ascii_mbtowc
                0x1000cfcc       0x2c c:/maximsdk/tools/gnutools/10.3/bin/../lib/gcc/arm-none-eabi/10.3.1/../../../../arm-none-eabi/lib/thumb/v7e-m+fp/softfp\libc.a(lib_a-mbtowc_r.o)
                0x1000cfcc                __ascii_mbtowc
 .text._read_r  0x1000cff8       0x2c c:/maximsdk/tools/gnutools/10.3/bin/../lib/gcc/arm-none-eabi/10.3.1/../../../../arm-none-eabi/lib/thumb/v7e-m+fp/softfp\libc.a(lib_a-readr.o)
                0x1000cff8                _read_r
 .text._wcrtomb_r
                0x1000d024       0x3c c:/maximsdk/tools/gnutools/10.3/bin/../lib/gcc/arm-none-eabi/10.3.1/../../../../arm-none-eabi/lib/thumb/v7e-m+fp/softfp\libc.a(lib_a-wcrtomb.o)
                0x1000d024                _wcrtomb_r
 .text.__ascii_wctomb
                0x1000d060       0x1c c:/maximsdk/tools/gnutools/10.3/bin/../lib/gcc/arm-none-eabi/10.3.1/../../../../arm-none-eabi/lib/thumb/v7e-m+fp/softfp\libc.a(lib_a-wctomb_r.o)
                0x1000d060                __ascii_wctomb
 .text.abort    0x1000d07c       0x10 c:/maximsdk/tools/gnutools/10.3/bin/../lib/gcc/arm-none-eabi/10.3.1/../../../../arm-none-eabi/lib/thumb/v7e-m+fp/softfp\libc.a(lib_a-abort.o)
                0x1000d07c                abort
 .text.raise    0x1000d08c       0x5c c:/maximsdk/tools/gnutools/10.3/bin/../lib/gcc/arm-none-eabi/10.3.1/../../../../arm-none-eabi/lib/thumb/v7e-m+fp/softfp\libc.a(lib_a-signal.o)
                0x1000d08c                raise
 .text._kill_r  0x1000d0e8       0x2c c:/maximsdk/tools/gnutools/10.3/bin/../lib/gcc/arm-none-eabi/10.3.1/../../../../arm-none-eabi/lib/thumb/v7e-m+fp/softfp\libc.a(lib_a-signalr.o)
                0x1000d0e8                _kill_r
 .text._getpid_r
                0x1000d114        0x4 c:/maximsdk/tools/gnutools/10.3/bin/../lib/gcc/arm-none-eabi/10.3.1/../../../../arm-none-eabi/lib/thumb/v7e-m+fp/softfp\libc.a(lib_a-signalr.o)
                0x1000d114                _getpid_r
 .text._exit    0x1000d118        0x4 c:/maximsdk/tools/gnutools/10.3/bin/../lib/gcc/arm-none-eabi/10.3.1/../../../../arm-none-eabi/lib/thumb/v7e-m+fp/softfp\libnosys.a(_exit.o)
                0x1000d118                _exit
 .text          0x1000d11c      0x378 c:/maximsdk/tools/gnutools/10.3/bin/../lib/gcc/arm-none-eabi/10.3.1/thumb/v7e-m+fp/softfp\libgcc.a(_arm_addsubdf3.o)
                0x1000d11c                __aeabi_drsub
                0x1000d124                __aeabi_dsub
                0x1000d124                __subdf3
                0x1000d128                __aeabi_dadd
                0x1000d128                __adddf3
                0x1000d3a0                __floatunsidf
                0x1000d3a0                __aeabi_ui2d
                0x1000d3c0                __floatsidf
                0x1000d3c0                __aeabi_i2d
                0x1000d3e4                __aeabi_f2d
                0x1000d3e4                __extendsfdf2
                0x1000d428                __floatundidf
                0x1000d428                __aeabi_ul2d
                0x1000d438                __floatdidf
                0x1000d438                __aeabi_l2d
 .text          0x1000d494      0x424 c:/maximsdk/tools/gnutools/10.3/bin/../lib/gcc/arm-none-eabi/10.3.1/thumb/v7e-m+fp/softfp\libgcc.a(_arm_muldivdf3.o)
                0x1000d494                __aeabi_dmul
                0x1000d494                __muldf3
                0x1000d6e8                __divdf3
                0x1000d6e8                __aeabi_ddiv
 .text          0x1000d8b8      0x110 c:/maximsdk/tools/gnutools/10.3/bin/../lib/gcc/arm-none-eabi/10.3.1/thumb/v7e-m+fp/softfp\libgcc.a(_arm_cmpdf2.o)
                0x1000d8b8                __gtdf2
                0x1000d8b8                __gedf2
                0x1000d8c0                __ltdf2
                0x1000d8c0                __ledf2
                0x1000d8c8                __nedf2
                0x1000d8c8                __eqdf2
                0x1000d8c8                __cmpdf2
                0x1000d944                __aeabi_cdrcmple
                0x1000d954                __aeabi_cdcmpeq
                0x1000d954                __aeabi_cdcmple
                0x1000d964                __aeabi_dcmpeq
                0x1000d978                __aeabi_dcmplt
                0x1000d98c                __aeabi_dcmple
                0x1000d9a0                __aeabi_dcmpge
                0x1000d9b4                __aeabi_dcmpgt
 .text          0x1000d9c8       0x2c c:/maximsdk/tools/gnutools/10.3/bin/../lib/gcc/arm-none-eabi/10.3.1/thumb/v7e-m+fp/softfp\libgcc.a(_arm_unorddf2.o)
                0x1000d9c8                __unorddf2
                0x1000d9c8                __aeabi_dcmpun
 .text          0x1000d9f4       0x50 c:/maximsdk/tools/gnutools/10.3/bin/../lib/gcc/arm-none-eabi/10.3.1/thumb/v7e-m+fp/softfp\libgcc.a(_arm_fixdfsi.o)
                0x1000d9f4                __aeabi_d2iz
                0x1000d9f4                __fixdfsi
 .text          0x1000da44       0xa0 c:/maximsdk/tools/gnutools/10.3/bin/../lib/gcc/arm-none-eabi/10.3.1/thumb/v7e-m+fp/softfp\libgcc.a(_aeabi_ldivmod.o)
                0x1000da44                __aeabi_ldivmod
 .text          0x1000dae4       0x30 c:/maximsdk/tools/gnutools/10.3/bin/../lib/gcc/arm-none-eabi/10.3.1/thumb/v7e-m+fp/softfp\libgcc.a(_aeabi_uldivmod.o)
                0x1000dae4                __aeabi_uldivmod
 .text          0x1000db14      0x2d0 c:/maximsdk/tools/gnutools/10.3/bin/../lib/gcc/arm-none-eabi/10.3.1/thumb/v7e-m+fp/softfp\libgcc.a(_udivmoddi4.o)
                0x1000db14                __udivmoddi4
 .text          0x1000dde4        0x4 c:/maximsdk/tools/gnutools/10.3/bin/../lib/gcc/arm-none-eabi/10.3.1/thumb/v7e-m+fp/softfp\libgcc.a(_dvmd_tls.o)
                0x1000dde4                __aeabi_idiv0
                0x1000dde4                __aeabi_ldiv0
 *(.rodata*)
 .rodata.kernels
                0x1000dde8     0xe59c c:/MaximSDK/Examples/MAX78000/CNN/cats-dogs-gen/build/cnn.o
 .rodata.capture_process_camera.str1.4
                0x1001c384       0x28 c:/MaximSDK/Examples/MAX78000/CNN/cats-dogs-gen/build/main.o
 .rodata.main.str1.4
                0x1001c3ac      0x149 c:/MaximSDK/Examples/MAX78000/CNN/cats-dogs-gen/build/main.o
 *fill*         0x1001c4f5        0x3 
 .rodata.str1.4
                0x1001c4f8        0xb c:/MaximSDK/Examples/MAX78000/CNN/cats-dogs-gen/build/main.o
 *fill*         0x1001c503        0x1 
 .rodata        0x1001c504       0x28 c:/MaximSDK/Examples/MAX78000/CNN/cats-dogs-gen/build/main.o
 .rodata.mxc_assert.str1.4
                0x1001c52c       0x19 c:/MaximSDK/Examples/MAX78000/CNN/cats-dogs-gen/build/board.o
 *fill*         0x1001c545        0x3 
 .rodata.Board_Init.str1.4
                0x1001c548       0x45 c:/MaximSDK/Examples/MAX78000/CNN/cats-dogs-gen/build/board.o
 *fill*         0x1001c58d        0x3 
 .rodata.led_pin
                0x1001c590       0x24 c:/MaximSDK/Examples/MAX78000/CNN/cats-dogs-gen/build/board.o
                0x1001c590                led_pin
 .rodata.num_leds
                0x1001c5b4        0x4 c:/MaximSDK/Examples/MAX78000/CNN/cats-dogs-gen/build/board.o
                0x1001c5b4                num_leds
 .rodata.num_pbs
                0x1001c5b8        0x4 c:/MaximSDK/Examples/MAX78000/CNN/cats-dogs-gen/build/board.o
                0x1001c5b8                num_pbs
 .rodata.pb_pin
                0x1001c5bc       0x18 c:/MaximSDK/Examples/MAX78000/CNN/cats-dogs-gen/build/board.o
                0x1001c5bc                pb_pin
 .rodata.LED_On.str1.4
                0x1001c5d4       0x3b c:/MaximSDK/Examples/MAX78000/CNN/cats-dogs-gen/build/led.o
 *fill*         0x1001c60f        0x1 
 .rodata.PB_IntEnable.str1.4
                0x1001c610       0x41 c:/MaximSDK/Examples/MAX78000/CNN/cats-dogs-gen/build/pb.o
 *fill*         0x1001c651        0x3 
 .rodata.camera_setup.str1.4
                0x1001c654       0x1b c:/MaximSDK/Examples/MAX78000/CNN/cats-dogs-gen/build/camera.o
 *fill*         0x1001c66f        0x1 
 .rodata.dump_registers.str1.4
                0x1001c670       0x12 c:/MaximSDK/Examples/MAX78000/CNN/cats-dogs-gen/build/ov7692.o
 *fill*         0x1001c682        0x2 
 .rodata.default_regs
                0x1001c684       0x5e c:/MaximSDK/Examples/MAX78000/CNN/cats-dogs-gen/build/ov7692.o
 *fill*         0x1001c6e2        0x2 
 .rodata.gpio_cfg_scl
                0x1001c6e4        0xc c:/MaximSDK/Examples/MAX78000/CNN/cats-dogs-gen/build/sccb.o
 .rodata.gpio_cfg_sda
                0x1001c6f0        0xc c:/MaximSDK/Examples/MAX78000/CNN/cats-dogs-gen/build/sccb.o
 .rodata.gpio_cfg_extclk
                0x1001c6fc        0xc C:/MaximSDK/Libraries/PeriphDrivers/bin/MAX78000/softfp/libPeriphDriver_softfp.a(pins_ai85.o)
                0x1001c6fc                gpio_cfg_extclk
 .rodata.gpio_cfg_i2c0
                0x1001c708        0xc C:/MaximSDK/Libraries/PeriphDrivers/bin/MAX78000/softfp/libPeriphDriver_softfp.a(pins_ai85.o)
                0x1001c708                gpio_cfg_i2c0
 .rodata.gpio_cfg_i2c1
                0x1001c714        0xc C:/MaximSDK/Libraries/PeriphDrivers/bin/MAX78000/softfp/libPeriphDriver_softfp.a(pins_ai85.o)
                0x1001c714                gpio_cfg_i2c1
 .rodata.gpio_cfg_i2c2
                0x1001c720        0xc C:/MaximSDK/Libraries/PeriphDrivers/bin/MAX78000/softfp/libPeriphDriver_softfp.a(pins_ai85.o)
                0x1001c720                gpio_cfg_i2c2
 .rodata.gpio_cfg_pcif_P0_BITS_0_7
                0x1001c72c        0xc C:/MaximSDK/Libraries/PeriphDrivers/bin/MAX78000/softfp/libPeriphDriver_softfp.a(pins_ai85.o)
                0x1001c72c                gpio_cfg_pcif_P0_BITS_0_7
 .rodata.gpio_cfg_pcif_P0_BITS_8_9
                0x1001c738        0xc C:/MaximSDK/Libraries/PeriphDrivers/bin/MAX78000/softfp/libPeriphDriver_softfp.a(pins_ai85.o)
                0x1001c738                gpio_cfg_pcif_P0_BITS_8_9
 .rodata.gpio_cfg_pcif_P1_BITS_10_11
                0x1001c744        0xc C:/MaximSDK/Libraries/PeriphDrivers/bin/MAX78000/softfp/libPeriphDriver_softfp.a(pins_ai85.o)
                0x1001c744                gpio_cfg_pcif_P1_BITS_10_11
 .rodata.gpio_cfg_pcif_hsync
                0x1001c750        0xc C:/MaximSDK/Libraries/PeriphDrivers/bin/MAX78000/softfp/libPeriphDriver_softfp.a(pins_ai85.o)
                0x1001c750                gpio_cfg_pcif_hsync
 .rodata.gpio_cfg_pcif_vsync
                0x1001c75c        0xc C:/MaximSDK/Libraries/PeriphDrivers/bin/MAX78000/softfp/libPeriphDriver_softfp.a(pins_ai85.o)
                0x1001c75c                gpio_cfg_pcif_vsync
 .rodata.gpio_cfg_pcif_xclk
                0x1001c768        0xc C:/MaximSDK/Libraries/PeriphDrivers/bin/MAX78000/softfp/libPeriphDriver_softfp.a(pins_ai85.o)
                0x1001c768                gpio_cfg_pcif_xclk
 .rodata.gpio_cfg_pt0
                0x1001c774        0xc C:/MaximSDK/Libraries/PeriphDrivers/bin/MAX78000/softfp/libPeriphDriver_softfp.a(pins_ai85.o)
                0x1001c774                gpio_cfg_pt0
 .rodata.gpio_cfg_pt1
                0x1001c780        0xc C:/MaximSDK/Libraries/PeriphDrivers/bin/MAX78000/softfp/libPeriphDriver_softfp.a(pins_ai85.o)
                0x1001c780                gpio_cfg_pt1
 .rodata.gpio_cfg_pt2
                0x1001c78c        0xc C:/MaximSDK/Libraries/PeriphDrivers/bin/MAX78000/softfp/libPeriphDriver_softfp.a(pins_ai85.o)
                0x1001c78c                gpio_cfg_pt2
 .rodata.gpio_cfg_pt3
                0x1001c798        0xc C:/MaximSDK/Libraries/PeriphDrivers/bin/MAX78000/softfp/libPeriphDriver_softfp.a(pins_ai85.o)
                0x1001c798                gpio_cfg_pt3
 .rodata.gpio_cfg_tmr0
                0x1001c7a4        0xc C:/MaximSDK/Libraries/PeriphDrivers/bin/MAX78000/softfp/libPeriphDriver_softfp.a(pins_ai85.o)
                0x1001c7a4                gpio_cfg_tmr0
 .rodata.gpio_cfg_tmr0b
                0x1001c7b0        0xc C:/MaximSDK/Libraries/PeriphDrivers/bin/MAX78000/softfp/libPeriphDriver_softfp.a(pins_ai85.o)
                0x1001c7b0                gpio_cfg_tmr0b
 .rodata.gpio_cfg_tmr1
                0x1001c7bc        0xc C:/MaximSDK/Libraries/PeriphDrivers/bin/MAX78000/softfp/libPeriphDriver_softfp.a(pins_ai85.o)
                0x1001c7bc                gpio_cfg_tmr1
 .rodata.gpio_cfg_tmr1b
                0x1001c7c8        0xc C:/MaximSDK/Libraries/PeriphDrivers/bin/MAX78000/softfp/libPeriphDriver_softfp.a(pins_ai85.o)
                0x1001c7c8                gpio_cfg_tmr1b
 .rodata.gpio_cfg_tmr2
                0x1001c7d4        0xc C:/MaximSDK/Libraries/PeriphDrivers/bin/MAX78000/softfp/libPeriphDriver_softfp.a(pins_ai85.o)
                0x1001c7d4                gpio_cfg_tmr2
 .rodata.gpio_cfg_tmr2b
                0x1001c7e0        0xc C:/MaximSDK/Libraries/PeriphDrivers/bin/MAX78000/softfp/libPeriphDriver_softfp.a(pins_ai85.o)
                0x1001c7e0                gpio_cfg_tmr2b
 .rodata.gpio_cfg_tmr3
                0x1001c7ec        0xc C:/MaximSDK/Libraries/PeriphDrivers/bin/MAX78000/softfp/libPeriphDriver_softfp.a(pins_ai85.o)
                0x1001c7ec                gpio_cfg_tmr3
 .rodata.gpio_cfg_tmr3b
                0x1001c7f8        0xc C:/MaximSDK/Libraries/PeriphDrivers/bin/MAX78000/softfp/libPeriphDriver_softfp.a(pins_ai85.o)
                0x1001c7f8                gpio_cfg_tmr3b
 .rodata.gpio_cfg_tmr4
                0x1001c804        0xc C:/MaximSDK/Libraries/PeriphDrivers/bin/MAX78000/softfp/libPeriphDriver_softfp.a(pins_ai85.o)
                0x1001c804                gpio_cfg_tmr4
 .rodata.gpio_cfg_tmr5
                0x1001c810        0xc C:/MaximSDK/Libraries/PeriphDrivers/bin/MAX78000/softfp/libPeriphDriver_softfp.a(pins_ai85.o)
                0x1001c810                gpio_cfg_tmr5
 .rodata.gpio_cfg_uart0
                0x1001c81c        0xc C:/MaximSDK/Libraries/PeriphDrivers/bin/MAX78000/softfp/libPeriphDriver_softfp.a(pins_ai85.o)
                0x1001c81c                gpio_cfg_uart0
 .rodata.gpio_cfg_uart1
                0x1001c828        0xc C:/MaximSDK/Libraries/PeriphDrivers/bin/MAX78000/softfp/libPeriphDriver_softfp.a(pins_ai85.o)
                0x1001c828                gpio_cfg_uart1
 .rodata.gpio_cfg_uart2
                0x1001c834        0xc C:/MaximSDK/Libraries/PeriphDrivers/bin/MAX78000/softfp/libPeriphDriver_softfp.a(pins_ai85.o)
                0x1001c834                gpio_cfg_uart2
 .rodata.gpio_cfg_uart3
                0x1001c840        0xc C:/MaximSDK/Libraries/PeriphDrivers/bin/MAX78000/softfp/libPeriphDriver_softfp.a(pins_ai85.o)
                0x1001c840                gpio_cfg_uart3
 .rodata.MXC_DMA_RevA_Init.str1.4
                0x1001c84c       0x51 C:/MaximSDK/Libraries/PeriphDrivers/bin/MAX78000/softfp/libPeriphDriver_softfp.a(dma_reva.o)
 *fill*         0x1001c89d        0x3 
 .rodata.MXC_PT_Init.str1.4
                0x1001c8a0       0x55 C:/MaximSDK/Libraries/PeriphDrivers/bin/MAX78000/softfp/libPeriphDriver_softfp.a(pt_ai85.o)
 *fill*         0x1001c8f5        0x3 
 .rodata.MXC_PT_RevA_Config.str1.4
                0x1001c8f8       0x51 C:/MaximSDK/Libraries/PeriphDrivers/bin/MAX78000/softfp/libPeriphDriver_softfp.a(pt_reva.o)
 *fill*         0x1001c949        0x3 
 .rodata.MXC_TMR_Init.str1.4
                0x1001c94c       0x50 C:/MaximSDK/Libraries/PeriphDrivers/bin/MAX78000/softfp/libPeriphDriver_softfp.a(tmr_ai85.o)
 .rodata.MXC_TMR_RevB_SetClockSourceFreq.str1.4
                0x1001c99c       0x43 C:/MaximSDK/Libraries/PeriphDrivers/bin/MAX78000/softfp/libPeriphDriver_softfp.a(tmr_revb.o)
                                 0x50 (size before relaxing)
 *fill*         0x1001c9df        0x1 
 .rodata.MXC_UART_RevB_Init.str1.4
                0x1001c9e0       0x77 C:/MaximSDK/Libraries/PeriphDrivers/bin/MAX78000/softfp/libPeriphDriver_softfp.a(uart_revb.o)
 *fill*         0x1001ca57        0x1 
 .rodata.MXC_GPIO_Common_Handler.str1.4
                0x1001ca58       0x66 C:/MaximSDK/Libraries/PeriphDrivers/bin/MAX78000/softfp/libPeriphDriver_softfp.a(gpio_common.o)
 *fill*         0x1001cabe        0x2 
 .rodata._global_impure_ptr
                0x1001cac0        0x4 c:/maximsdk/tools/gnutools/10.3/bin/../lib/gcc/arm-none-eabi/10.3.1/../../../../arm-none-eabi/lib/thumb/v7e-m+fp/softfp\libc.a(lib_a-impure.o)
                0x1001cac0                _global_impure_ptr
 .rodata._puts_r.str1.4
                0x1001cac4        0x2 c:/maximsdk/tools/gnutools/10.3/bin/../lib/gcc/arm-none-eabi/10.3.1/../../../../arm-none-eabi/lib/thumb/v7e-m+fp/softfp\libc.a(lib_a-puts.o)
 *fill*         0x1001cac6        0x2 
 .rodata._svfprintf_r.str1.4
                0x1001cac8       0x42 c:/maximsdk/tools/gnutools/10.3/bin/../lib/gcc/arm-none-eabi/10.3.1/../../../../arm-none-eabi/lib/thumb/v7e-m+fp/softfp\libc.a(lib_a-svfprintf.o)
 *fill*         0x1001cb0a        0x2 
 .rodata.blanks.1
                0x1001cb0c       0x10 c:/maximsdk/tools/gnutools/10.3/bin/../lib/gcc/arm-none-eabi/10.3.1/../../../../arm-none-eabi/lib/thumb/v7e-m+fp/softfp\libc.a(lib_a-svfprintf.o)
 .rodata.zeroes.0
                0x1001cb1c       0x10 c:/maximsdk/tools/gnutools/10.3/bin/../lib/gcc/arm-none-eabi/10.3.1/../../../../arm-none-eabi/lib/thumb/v7e-m+fp/softfp\libc.a(lib_a-svfprintf.o)
 .rodata._vfprintf_r.str1.4
                0x1001cb2c       0x42 c:/maximsdk/tools/gnutools/10.3/bin/../lib/gcc/arm-none-eabi/10.3.1/../../../../arm-none-eabi/lib/thumb/v7e-m+fp/softfp\libc.a(lib_a-vfprintf.o)
 .rodata.blanks.1
                0x1001cb2c       0x10 c:/maximsdk/tools/gnutools/10.3/bin/../lib/gcc/arm-none-eabi/10.3.1/../../../../arm-none-eabi/lib/thumb/v7e-m+fp/softfp\libc.a(lib_a-vfprintf.o)
 .rodata.zeroes.0
                0x1001cb3c       0x10 c:/maximsdk/tools/gnutools/10.3/bin/../lib/gcc/arm-none-eabi/10.3.1/../../../../arm-none-eabi/lib/thumb/v7e-m+fp/softfp\libc.a(lib_a-vfprintf.o)
 .rodata._dtoa_r.str1.4
                0x1001cb4c       0xa2 c:/maximsdk/tools/gnutools/10.3/bin/../lib/gcc/arm-none-eabi/10.3.1/../../../../arm-none-eabi/lib/thumb/v7e-m+fp/softfp\libc.a(lib_a-dtoa.o)
                                 0xa6 (size before relaxing)
 *fill*         0x1001cbee        0x2 
 .rodata.__multadd.str1.4
                0x1001cbf0       0x7f c:/maximsdk/tools/gnutools/10.3/bin/../lib/gcc/arm-none-eabi/10.3.1/../../../../arm-none-eabi/lib/thumb/v7e-m+fp/softfp\libc.a(lib_a-mprec.o)
                                 0x93 (size before relaxing)
 *fill*         0x1001cc6f        0x1 
 .rodata.__mprec_bigtens
                0x1001cc70       0x28 c:/maximsdk/tools/gnutools/10.3/bin/../lib/gcc/arm-none-eabi/10.3.1/../../../../arm-none-eabi/lib/thumb/v7e-m+fp/softfp\libc.a(lib_a-mprec.o)
                0x1001cc70                __mprec_bigtens
 .rodata.__mprec_tens